Archive member included to satisfy reference by file (symbol)

/Applications/ArmGNUToolchain/14.2.rel1/arm-none-eabi/bin/../lib/gcc/arm-none-eabi/14.2.1/../../../../arm-none-eabi/lib/thumb/v7e-m+fp/hard/libc_nano.a(libc_a-exit.o)
                              /Applications/ArmGNUToolchain/14.2.rel1/arm-none-eabi/bin/../lib/gcc/arm-none-eabi/14.2.1/../../../../arm-none-eabi/lib/thumb/v7e-m+fp/hard/crt0.o (exit)
/Applications/ArmGNUToolchain/14.2.rel1/arm-none-eabi/bin/../lib/gcc/arm-none-eabi/14.2.1/../../../../arm-none-eabi/lib/thumb/v7e-m+fp/hard/libc_nano.a(libc_a-findfp.o)
                              /Applications/ArmGNUToolchain/14.2.rel1/arm-none-eabi/bin/../lib/gcc/arm-none-eabi/14.2.1/../../../../arm-none-eabi/lib/thumb/v7e-m+fp/hard/libc_nano.a(libc_a-exit.o) (__stdio_exit_handler)
/Applications/ArmGNUToolchain/14.2.rel1/arm-none-eabi/bin/../lib/gcc/arm-none-eabi/14.2.1/../../../../arm-none-eabi/lib/thumb/v7e-m+fp/hard/libc_nano.a(libc_a-fwalk.o)
                              /Applications/ArmGNUToolchain/14.2.rel1/arm-none-eabi/bin/../lib/gcc/arm-none-eabi/14.2.1/../../../../arm-none-eabi/lib/thumb/v7e-m+fp/hard/libc_nano.a(libc_a-findfp.o) (_fwalk_sglue)
/Applications/ArmGNUToolchain/14.2.rel1/arm-none-eabi/bin/../lib/gcc/arm-none-eabi/14.2.1/../../../../arm-none-eabi/lib/thumb/v7e-m+fp/hard/libc_nano.a(libc_a-memset.o)
                              /Applications/ArmGNUToolchain/14.2.rel1/arm-none-eabi/bin/../lib/gcc/arm-none-eabi/14.2.1/../../../../arm-none-eabi/lib/thumb/v7e-m+fp/hard/crt0.o (memset)
/Applications/ArmGNUToolchain/14.2.rel1/arm-none-eabi/bin/../lib/gcc/arm-none-eabi/14.2.1/../../../../arm-none-eabi/lib/thumb/v7e-m+fp/hard/libc_nano.a(libc_a-init.o)
                              /Applications/ArmGNUToolchain/14.2.rel1/arm-none-eabi/bin/../lib/gcc/arm-none-eabi/14.2.1/../../../../arm-none-eabi/lib/thumb/v7e-m+fp/hard/crt0.o (__libc_init_array)
/Applications/ArmGNUToolchain/14.2.rel1/arm-none-eabi/bin/../lib/gcc/arm-none-eabi/14.2.1/../../../../arm-none-eabi/lib/thumb/v7e-m+fp/hard/libc_nano.a(libc_a-lock.o)
                              /Applications/ArmGNUToolchain/14.2.rel1/arm-none-eabi/bin/../lib/gcc/arm-none-eabi/14.2.1/../../../../arm-none-eabi/lib/thumb/v7e-m+fp/hard/libc_nano.a(libc_a-findfp.o) (__retarget_lock_init_recursive)
/Applications/ArmGNUToolchain/14.2.rel1/arm-none-eabi/bin/../lib/gcc/arm-none-eabi/14.2.1/../../../../arm-none-eabi/lib/thumb/v7e-m+fp/hard/libc_nano.a(libc_a-impure.o)
                              /Applications/ArmGNUToolchain/14.2.rel1/arm-none-eabi/bin/../lib/gcc/arm-none-eabi/14.2.1/../../../../arm-none-eabi/lib/thumb/v7e-m+fp/hard/libc_nano.a(libc_a-findfp.o) (_impure_data)
/Applications/ArmGNUToolchain/14.2.rel1/arm-none-eabi/bin/../lib/gcc/arm-none-eabi/14.2.1/../../../../arm-none-eabi/lib/thumb/v7e-m+fp/hard/libc_nano.a(libc_a-mallocr.o)
                              /Applications/ArmGNUToolchain/14.2.rel1/arm-none-eabi/bin/../lib/gcc/arm-none-eabi/14.2.1/../../../../arm-none-eabi/lib/thumb/v7e-m+fp/hard/libc_nano.a(libc_a-findfp.o) (_malloc_r)
/Applications/ArmGNUToolchain/14.2.rel1/arm-none-eabi/bin/../lib/gcc/arm-none-eabi/14.2.1/../../../../arm-none-eabi/lib/thumb/v7e-m+fp/hard/libc_nano.a(libc_a-fflush.o)
                              /Applications/ArmGNUToolchain/14.2.rel1/arm-none-eabi/bin/../lib/gcc/arm-none-eabi/14.2.1/../../../../arm-none-eabi/lib/thumb/v7e-m+fp/hard/libc_nano.a(libc_a-findfp.o) (_fflush_r)
/Applications/ArmGNUToolchain/14.2.rel1/arm-none-eabi/bin/../lib/gcc/arm-none-eabi/14.2.1/../../../../arm-none-eabi/lib/thumb/v7e-m+fp/hard/libc_nano.a(libc_a-mlock.o)
                              /Applications/ArmGNUToolchain/14.2.rel1/arm-none-eabi/bin/../lib/gcc/arm-none-eabi/14.2.1/../../../../arm-none-eabi/lib/thumb/v7e-m+fp/hard/libc_nano.a(libc_a-mallocr.o) (__malloc_lock)
/Applications/ArmGNUToolchain/14.2.rel1/arm-none-eabi/bin/../lib/gcc/arm-none-eabi/14.2.1/../../../../arm-none-eabi/lib/thumb/v7e-m+fp/hard/libc_nano.a(libc_a-stdio.o)
                              /Applications/ArmGNUToolchain/14.2.rel1/arm-none-eabi/bin/../lib/gcc/arm-none-eabi/14.2.1/../../../../arm-none-eabi/lib/thumb/v7e-m+fp/hard/libc_nano.a(libc_a-findfp.o) (__sread)
/Applications/ArmGNUToolchain/14.2.rel1/arm-none-eabi/bin/../lib/gcc/arm-none-eabi/14.2.1/../../../../arm-none-eabi/lib/thumb/v7e-m+fp/hard/libc_nano.a(libc_a-lseekr.o)
                              /Applications/ArmGNUToolchain/14.2.rel1/arm-none-eabi/bin/../lib/gcc/arm-none-eabi/14.2.1/../../../../arm-none-eabi/lib/thumb/v7e-m+fp/hard/libc_nano.a(libc_a-stdio.o) (_lseek_r)
/Applications/ArmGNUToolchain/14.2.rel1/arm-none-eabi/bin/../lib/gcc/arm-none-eabi/14.2.1/../../../../arm-none-eabi/lib/thumb/v7e-m+fp/hard/libc_nano.a(libc_a-readr.o)
                              /Applications/ArmGNUToolchain/14.2.rel1/arm-none-eabi/bin/../lib/gcc/arm-none-eabi/14.2.1/../../../../arm-none-eabi/lib/thumb/v7e-m+fp/hard/libc_nano.a(libc_a-stdio.o) (_read_r)
[...]
Memory Configuration

Name             Origin             Length             Attributes
RAM              0x20000000         0x00050000         xrw
FLASH            0x08000000         0x00100000         xr
*default*        0x00000000         0xffffffff

Linker script and memory map

LOAD /Applications/ArmGNUToolchain/14.2.rel1/arm-none-eabi/bin/../lib/gcc/arm-none-eabi/14.2.1/thumb/v7e-m+fp/hard/crti.o
LOAD /Applications/ArmGNUToolchain/14.2.rel1/arm-none-eabi/bin/../lib/gcc/arm-none-eabi/14.2.1/thumb/v7e-m+fp/hard/crtbegin.o
LOAD /Applications/ArmGNUToolchain/14.2.rel1/arm-none-eabi/bin/../lib/gcc/arm-none-eabi/14.2.1/../../../../arm-none-eabi/lib/thumb/v7e-m+fp/hard/crt0.o
START GROUP
LOAD /Applications/ArmGNUToolchain/14.2.rel1/arm-none-eabi/bin/../lib/gcc/arm-none-eabi/14.2.1/../../../../arm-none-eabi/lib/thumb/v7e-m+fp/hard/libc_nano.a
LOAD /Applications/ArmGNUToolchain/14.2.rel1/arm-none-eabi/bin/../lib/gcc/arm-none-eabi/14.2.1/../../../../arm-none-eabi/lib/thumb/v7e-m+fp/hard/libm.a
END GROUP
LOAD CMakeFiles/BLE_TEST_7.dir/Core/Src/main.c.obj
LOAD CMakeFiles/BLE_TEST_7.dir/Core/Src/stm32f7xx_it.c.obj
LOAD CMakeFiles/BLE_TEST_7.dir/Core/Src/stm32f7xx_hal_msp.c.obj
LOAD CMakeFiles/BLE_TEST_7.dir/Drivers/STM32F7xx_HAL_Driver/Src/stm32f7xx_hal_cortex.c.obj
LOAD CMakeFiles/BLE_TEST_7.dir/Drivers/STM32F7xx_HAL_Driver/Src/stm32f7xx_hal_rcc.c.obj
LOAD CMakeFiles/BLE_TEST_7.dir/Drivers/STM32F7xx_HAL_Driver/Src/stm32f7xx_hal_rcc_ex.c.obj
LOAD CMakeFiles/BLE_TEST_7.dir/Drivers/STM32F7xx_HAL_Driver/Src/stm32f7xx_hal_flash.c.obj
LOAD CMakeFiles/BLE_TEST_7.dir/Drivers/STM32F7xx_HAL_Driver/Src/stm32f7xx_hal_flash_ex.c.obj
LOAD CMakeFiles/BLE_TEST_7.dir/Drivers/STM32F7xx_HAL_Driver/Src/stm32f7xx_hal_gpio.c.obj
LOAD CMakeFiles/BLE_TEST_7.dir/Drivers/STM32F7xx_HAL_Driver/Src/stm32f7xx_hal_dma.c.obj
LOAD CMakeFiles/BLE_TEST_7.dir/Drivers/STM32F7xx_HAL_Driver/Src/stm32f7xx_hal_dma_ex.c.obj
LOAD CMakeFiles/BLE_TEST_7.dir/Drivers/STM32F7xx_HAL_Driver/Src/stm32f7xx_hal_pwr.c.obj
LOAD CMakeFiles/BLE_TEST_7.dir/Drivers/STM32F7xx_HAL_Driver/Src/stm32f7xx_hal_pwr_ex.c.obj
LOAD CMakeFiles/BLE_TEST_7.dir/Drivers/STM32F7xx_HAL_Driver/Src/stm32f7xx_hal.c.obj
LOAD CMakeFiles/BLE_TEST_7.dir/Drivers/STM32F7xx_HAL_Driver/Src/stm32f7xx_hal_i2c.c.obj
LOAD CMakeFiles/BLE_TEST_7.dir/Drivers/STM32F7xx_HAL_Driver/Src/stm32f7xx_hal_i2c_ex.c.obj
LOAD CMakeFiles/BLE_TEST_7.dir/Drivers/STM32F7xx_HAL_Driver/Src/stm32f7xx_hal_exti.c.obj
LOAD CMakeFiles/BLE_TEST_7.dir/Drivers/STM32F7xx_HAL_Driver/Src/stm32f7xx_hal_eth.c.obj
LOAD CMakeFiles/BLE_TEST_7.dir/Drivers/STM32F7xx_HAL_Driver/Src/stm32f7xx_hal_spi.c.obj
LOAD CMakeFiles/BLE_TEST_7.dir/Drivers/STM32F7xx_HAL_Driver/Src/stm32f7xx_hal_spi_ex.c.obj
LOAD CMakeFiles/BLE_TEST_7.dir/Drivers/STM32F7xx_HAL_Driver/Src/stm32f7xx_hal_uart.c.obj
LOAD CMakeFiles/BLE_TEST_7.dir/Drivers/STM32F7xx_HAL_Driver/Src/stm32f7xx_hal_uart_ex.c.obj
LOAD CMakeFiles/BLE_TEST_7.dir/Drivers/STM32F7xx_HAL_Driver/Src/stm32f7xx_hal_pcd.c.obj
LOAD CMakeFiles/BLE_TEST_7.dir/Drivers/STM32F7xx_HAL_Driver/Src/stm32f7xx_hal_pcd_ex.c.obj
LOAD CMakeFiles/BLE_TEST_7.dir/Drivers/STM32F7xx_HAL_Driver/Src/stm32f7xx_ll_usb.c.obj
LOAD CMakeFiles/BLE_TEST_7.dir/Core/Src/system_stm32f7xx.c.obj
LOAD CMakeFiles/BLE_TEST_7.dir/Core/Src/sysmem.c.obj
LOAD CMakeFiles/BLE_TEST_7.dir/Core/Src/syscalls.c.obj
LOAD CMakeFiles/BLE_TEST_7.dir/startup_stm32f746xx.s.obj
START GROUP
LOAD /Applications/ArmGNUToolchain/14.2.rel1/arm-none-eabi/bin/../lib/gcc/arm-none-eabi/14.2.1/thumb/v7e-m+fp/hard/libgcc.a
LOAD /Applications/ArmGNUToolchain/14.2.rel1/arm-none-eabi/bin/../lib/gcc/arm-none-eabi/14.2.1/../../../../arm-none-eabi/lib/thumb/v7e-m+fp/hard/libg_nano.a
LOAD /Applications/ArmGNUToolchain/14.2.rel1/arm-none-eabi/bin/../lib/gcc/arm-none-eabi/14.2.1/../../../../arm-none-eabi/lib/thumb/v7e-m+fp/hard/libc_nano.a
END GROUP
START GROUP
LOAD /Applications/ArmGNUToolchain/14.2.rel1/arm-none-eabi/bin/../lib/gcc/arm-none-eabi/14.2.1/thumb/v7e-m+fp/hard/libgcc.a
LOAD /Applications/ArmGNUToolchain/14.2.rel1/arm-none-eabi/bin/../lib/gcc/arm-none-eabi/14.2.1/../../../../arm-none-eabi/lib/thumb/v7e-m+fp/hard/libc_nano.a
END GROUP
LOAD /Applications/ArmGNUToolchain/14.2.rel1/arm-none-eabi/bin/../lib/gcc/arm-none-eabi/14.2.1/thumb/v7e-m+fp/hard/crtend.o
LOAD /Applications/ArmGNUToolchain/14.2.rel1/arm-none-eabi/bin/../lib/gcc/arm-none-eabi/14.2.1/thumb/v7e-m+fp/hard/crtn.o
                0x20050000                        _estack = (ORIGIN (RAM) + LENGTH (RAM))
                0x00000200                        _Min_Heap_Size = 0x200
                0x00000400                        _Min_Stack_Size = 0x400

.isr_vector     0x08000000      0x1c8
                0x08000000                        . = ALIGN (0x4)
 *(.isr_vector)
 .isr_vector    0x08000000      0x1c8 CMakeFiles/BLE_TEST_7.dir/startup_stm32f746xx.s.obj
                0x08000000                g_pfnVectors
                0x080001c8                        . = ALIGN (0x4)

.text           0x080001d0     0x7228
                0x080001d0                        . = ALIGN (0x4)
 *(.text)
 .text          0x080001d0       0x30 /Applications/ArmGNUToolchain/14.2.rel1/arm-none-eabi/bin/../lib/gcc/arm-none-eabi/14.2.1/thumb/v7e-m+fp/hard/libgcc.a(_aeabi_uldivmod.o)
                0x080001d0                __aeabi_uldivmod
 .text          0x08000200        0x4 /Applications/ArmGNUToolchain/14.2.rel1/arm-none-eabi/bin/../lib/gcc/arm-none-eabi/14.2.1/thumb/v7e-m+fp/hard/libgcc.a(_dvmd_tls.o)
                0x08000200                __aeabi_ldiv0
                0x08000200                __aeabi_idiv0
 .text          0x08000204       0x10 /Applications/ArmGNUToolchain/14.2.rel1/arm-none-eabi/bin/../lib/gcc/arm-none-eabi/14.2.1/../../../../arm-none-eabi/lib/thumb/v7e-m+fp/hard/libg_nano.a(libc_a-strlen.o)
                0x08000204                strlen
 *fill*         0x08000214        0xc 
 .text          0x08000220       0xa0 /Applications/ArmGNUToolchain/14.2.rel1/arm-none-eabi/bin/../lib/gcc/arm-none-eabi/14.2.1/../../../../arm-none-eabi/lib/thumb/v7e-m+fp/hard/libg_nano.a(libc_a-memchr.o)
                0x08000220                memchr
 *(.text*)
 .text.deregister_tm_clones
                0x080002c0       0x1c /Applications/ArmGNUToolchain/14.2.rel1/arm-none-eabi/bin/../lib/gcc/arm-none-eabi/14.2.1/thumb/v7e-m+fp/hard/crtbegin.o
 .text.register_tm_clones
                0x080002dc       0x24 /Applications/ArmGNUToolchain/14.2.rel1/arm-none-eabi/bin/../lib/gcc/arm-none-eabi/14.2.1/thumb/v7e-m+fp/hard/crtbegin.o
 .text.__do_global_dtors_aux
                0x08000300       0x28 /Applications/ArmGNUToolchain/14.2.rel1/arm-none-eabi/bin/../lib/gcc/arm-none-eabi/14.2.1/thumb/v7e-m+fp/hard/crtbegin.o
 .text.frame_dummy
                0x08000328       0x24 /Applications/ArmGNUToolchain/14.2.rel1/arm-none-eabi/bin/../lib/gcc/arm-none-eabi/14.2.1/thumb/v7e-m+fp/hard/crtbegin.o
 .text.memset   0x0800034c       0x10 /Applications/ArmGNUToolchain/14.2.rel1/arm-none-eabi/bin/../lib/gcc/arm-none-eabi/14.2.1/../../../../arm-none-eabi/lib/thumb/v7e-m+fp/hard/libc_nano.a(libc_a-memset.o)
                0x0800034c                memset
 .text.__libc_init_array
                0x0800035c       0x48 /Applications/ArmGNUToolchain/14.2.rel1/arm-none-eabi/bin/../lib/gcc/arm-none-eabi/14.2.1/../../../../arm-none-eabi/lib/thumb/v7e-m+fp/hard/libc_nano.a(libc_a-init.o)
                0x0800035c                __libc_init_array
 .text.__retarget_lock_acquire_recursive
                0x080003a4        0x2 /Applications/ArmGNUToolchain/14.2.rel1/arm-none-eabi/bin/../lib/gcc/arm-none-eabi/14.2.1/../../../../arm-none-eabi/lib/thumb/v7e-m+fp/hard/libc_nano.a(libc_a-lock.o)
                0x080003a4                __retarget_lock_acquire_recursive
 .text.__retarget_lock_release_recursive
                0x080003a6        0x2 /Applications/ArmGNUToolchain/14.2.rel1/arm-none-eabi/bin/../lib/gcc/arm-none-eabi/14.2.1/../../../../arm-none-eabi/lib/thumb/v7e-m+fp/hard/libc_nano.a(libc_a-lock.o)
                0x080003a6                __retarget_lock_release_recursive
 .text.sbrk_aligned
                0x080003a8       0x44 /Applications/ArmGNUToolchain/14.2.rel1/arm-none-eabi/bin/../lib/gcc/arm-none-eabi/14.2.1/../../../../arm-none-eabi/lib/thumb/v7e-m+fp/hard/libc_nano.a(libc_a-mallocr.o)
 .text._malloc_r
                0x080003ec      0x100 /Applications/ArmGNUToolchain/14.2.rel1/arm-none-eabi/bin/../lib/gcc/arm-none-eabi/14.2.1/../../../../arm-none-eabi/lib/thumb/v7e-m+fp/hard/libc_nano.a(libc_a-mallocr.o)
                0x080003ec                _malloc_r
 .text.__malloc_lock
                0x080004ec        0xc /Applications/ArmGNUToolchain/14.2.rel1/arm-none-eabi/bin/../lib/gcc/arm-none-eabi/14.2.1/../../../../arm-none-eabi/lib/thumb/v7e-m+fp/hard/libc_nano.a(libc_a-mlock.o)
                0x080004ec                __malloc_lock
 .text.__malloc_unlock
                0x080004f8        0xc /Applications/ArmGNUToolchain/14.2.rel1/arm-none-eabi/bin/../lib/gcc/arm-none-eabi/14.2.1/../../../../arm-none-eabi/lib/thumb/v7e-m+fp/hard/libc_nano.a(libc_a-mlock.o)
                0x080004f8                __malloc_unlock
 .text._sbrk_r  0x08000504       0x20 /Applications/ArmGNUToolchain/14.2.rel1/arm-none-eabi/bin/../lib/gcc/arm-none-eabi/14.2.1/../../../../arm-none-eabi/lib/thumb/v7e-m+fp/hard/libc_nano.a(libc_a-sbrkr.o)
                0x08000504                _sbrk_r
 .text._free_r  0x08000524       0x94 /Applications/ArmGNUToolchain/14.2.rel1/arm-none-eabi/bin/../lib/gcc/arm-none-eabi/14.2.1/../../../../arm-none-eabi/lib/thumb/v7e-m+fp/hard/libc_nano.a(libc_a-freer.o)
                0x08000524                _free_r
 .text.printToConsole
                0x080005b8       0x84 CMakeFiles/BLE_TEST_7.dir/Core/Src/main.c.obj
                0x080005b8                printToConsole
 .text.SPI_Read
                0x0800063c       0x88 CMakeFiles/BLE_TEST_7.dir/Core/Src/main.c.obj
                0x0800063c                SPI_Read
 .text.SPI_Write
                0x080006c4       0x7c CMakeFiles/BLE_TEST_7.dir/Core/Src/main.c.obj
                0x080006c4                SPI_Write
 .text.init_imu
                0x08000740      0x154 CMakeFiles/BLE_TEST_7.dir/Core/Src/main.c.obj
                0x08000740                init_imu
 .text.read_imu_data
                0x08000894      0x114 CMakeFiles/BLE_TEST_7.dir/Core/Src/main.c.obj
                0x08000894                read_imu_data
 .text.main     0x080009a8       0x68 CMakeFiles/BLE_TEST_7.dir/Core/Src/main.c.obj
                0x080009a8                main
 .text.SystemClock_Config
                0x08000a10       0xd0 CMakeFiles/BLE_TEST_7.dir/Core/Src/main.c.obj
                0x08000a10                SystemClock_Config
 .text.MX_ETH_Init
                0x08000ae0       0x9c CMakeFiles/BLE_TEST_7.dir/Core/Src/main.c.obj
 .text.MX_I2C1_Init
                0x08000b7c       0x80 CMakeFiles/BLE_TEST_7.dir/Core/Src/main.c.obj
 .text.MX_SPI1_Init
                0x08000bfc       0x7c CMakeFiles/BLE_TEST_7.dir/Core/Src/main.c.obj
 .text.MX_UART5_Init
                0x08000c78       0x60 CMakeFiles/BLE_TEST_7.dir/Core/Src/main.c.obj
 .text.MX_USART3_UART_Init
                0x08000cd8       0x60 CMakeFiles/BLE_TEST_7.dir/Core/Src/main.c.obj
 .text.MX_USB_OTG_FS_PCD_Init
                0x08000d38       0x5c CMakeFiles/BLE_TEST_7.dir/Core/Src/main.c.obj
 .text.MX_DMA_Init
                0x08000d94       0x4c CMakeFiles/BLE_TEST_7.dir/Core/Src/main.c.obj
 .text.MX_GPIO_Init
                0x08000de0      0x144 CMakeFiles/BLE_TEST_7.dir/Core/Src/main.c.obj
 .text.Error_Handler
                0x08000f24        0xc CMakeFiles/BLE_TEST_7.dir/Core/Src/main.c.obj
                0x08000f24                Error_Handler
 .text.NMI_Handler
                0x08000f30        0x8 CMakeFiles/BLE_TEST_7.dir/Core/Src/stm32f7xx_it.c.obj
                0x08000f30                NMI_Handler
 .text.HardFault_Handler
                0x08000f38        0x8 CMakeFiles/BLE_TEST_7.dir/Core/Src/stm32f7xx_it.c.obj
                0x08000f38                HardFault_Handler
 .text.MemManage_Handler
                0x08000f40        0x8 CMakeFiles/BLE_TEST_7.dir/Core/Src/stm32f7xx_it.c.obj
                0x08000f40                MemManage_Handler
 .text.BusFault_Handler
                0x08000f48        0x8 CMakeFiles/BLE_TEST_7.dir/Core/Src/stm32f7xx_it.c.obj
                0x08000f48                BusFault_Handler
 .text.UsageFault_Handler
                0x08000f50        0x8 CMakeFiles/BLE_TEST_7.dir/Core/Src/stm32f7xx_it.c.obj
                0x08000f50                UsageFault_Handler
 .text.SVC_Handler
                0x08000f58        0xe CMakeFiles/BLE_TEST_7.dir/Core/Src/stm32f7xx_it.c.obj
                0x08000f58                SVC_Handler
 .text.DebugMon_Handler
                0x08000f66        0xe CMakeFiles/BLE_TEST_7.dir/Core/Src/stm32f7xx_it.c.obj
                0x08000f66                DebugMon_Handler
 .text.PendSV_Handler
                0x08000f74        0xe CMakeFiles/BLE_TEST_7.dir/Core/Src/stm32f7xx_it.c.obj
                0x08000f74                PendSV_Handler
 .text.SysTick_Handler
                0x08000f82        0xc CMakeFiles/BLE_TEST_7.dir/Core/Src/stm32f7xx_it.c.obj
                0x08000f82                SysTick_Handler
 *fill*         0x08000f8e        0x2 
 .text.DMA1_Stream0_IRQHandler
                0x08000f90       0x14 CMakeFiles/BLE_TEST_7.dir/Core/Src/stm32f7xx_it.c.obj
                0x08000f90                DMA1_Stream0_IRQHandler
 .text.SPI1_IRQHandler
                0x08000fa4       0x14 CMakeFiles/BLE_TEST_7.dir/Core/Src/stm32f7xx_it.c.obj
                0x08000fa4                SPI1_IRQHandler
 .text.USART3_IRQHandler
                0x08000fb8       0x14 CMakeFiles/BLE_TEST_7.dir/Core/Src/stm32f7xx_it.c.obj
                0x08000fb8                USART3_IRQHandler
 .text.DMA1_Stream7_IRQHandler
                0x08000fcc       0x14 CMakeFiles/BLE_TEST_7.dir/Core/Src/stm32f7xx_it.c.obj
                0x08000fcc                DMA1_Stream7_IRQHandler
 .text.UART5_IRQHandler
                0x08000fe0       0x14 CMakeFiles/BLE_TEST_7.dir/Core/Src/stm32f7xx_it.c.obj
                0x08000fe0                UART5_IRQHandler
 .text.HAL_MspInit
                0x08000ff4       0x48 CMakeFiles/BLE_TEST_7.dir/Core/Src/stm32f7xx_hal_msp.c.obj
                0x08000ff4                HAL_MspInit
 .text.HAL_ETH_MspInit
                0x0800103c      0x170 CMakeFiles/BLE_TEST_7.dir/Core/Src/stm32f7xx_hal_msp.c.obj
                0x0800103c                HAL_ETH_MspInit
 .text.HAL_I2C_MspInit
                0x080011ac       0xc0 CMakeFiles/BLE_TEST_7.dir/Core/Src/stm32f7xx_hal_msp.c.obj
                0x080011ac                HAL_I2C_MspInit
 .text.HAL_SPI_MspInit
                0x0800126c       0xd4 CMakeFiles/BLE_TEST_7.dir/Core/Src/stm32f7xx_hal_msp.c.obj
                0x0800126c                HAL_SPI_MspInit
 .text.HAL_UART_MspInit
                0x08001340      0x278 CMakeFiles/BLE_TEST_7.dir/Core/Src/stm32f7xx_hal_msp.c.obj
                0x08001340                HAL_UART_MspInit
 .text.HAL_PCD_MspInit
                0x080015b8       0xf4 CMakeFiles/BLE_TEST_7.dir/Core/Src/stm32f7xx_hal_msp.c.obj
                0x080015b8                HAL_PCD_MspInit
 .text.__NVIC_SetPriorityGrouping
                0x080016ac       0x48 CMakeFiles/BLE_TEST_7.dir/Drivers/STM32F7xx_HAL_Driver/Src/stm32f7xx_hal_cortex.c.obj
 .text.__NVIC_GetPriorityGrouping
                0x080016f4       0x1c CMakeFiles/BLE_TEST_7.dir/Drivers/STM32F7xx_HAL_Driver/Src/stm32f7xx_hal_cortex.c.obj
 .text.__NVIC_EnableIRQ
                0x08001710       0x3c CMakeFiles/BLE_TEST_7.dir/Drivers/STM32F7xx_HAL_Driver/Src/stm32f7xx_hal_cortex.c.obj
 .text.__NVIC_SetPriority
                0x0800174c       0x54 CMakeFiles/BLE_TEST_7.dir/Drivers/STM32F7xx_HAL_Driver/Src/stm32f7xx_hal_cortex.c.obj
 .text.NVIC_EncodePriority
                0x080017a0       0x66 CMakeFiles/BLE_TEST_7.dir/Drivers/STM32F7xx_HAL_Driver/Src/stm32f7xx_hal_cortex.c.obj
 *fill*         0x08001806        0x2 
 .text.SysTick_Config
                0x08001808       0x44 CMakeFiles/BLE_TEST_7.dir/Drivers/STM32F7xx_HAL_Driver/Src/stm32f7xx_hal_cortex.c.obj
 .text.HAL_NVIC_SetPriorityGrouping
                0x0800184c       0x16 CMakeFiles/BLE_TEST_7.dir/Drivers/STM32F7xx_HAL_Driver/Src/stm32f7xx_hal_cortex.c.obj
                0x0800184c                HAL_NVIC_SetPriorityGrouping
 .text.HAL_NVIC_SetPriority
                0x08001862       0x38 CMakeFiles/BLE_TEST_7.dir/Drivers/STM32F7xx_HAL_Driver/Src/stm32f7xx_hal_cortex.c.obj
                0x08001862                HAL_NVIC_SetPriority
 .text.HAL_NVIC_EnableIRQ
                0x0800189a       0x1c CMakeFiles/BLE_TEST_7.dir/Drivers/STM32F7xx_HAL_Driver/Src/stm32f7xx_hal_cortex.c.obj
                0x0800189a                HAL_NVIC_EnableIRQ
 .text.HAL_SYSTICK_Config
                0x080018b6       0x18 CMakeFiles/BLE_TEST_7.dir/Drivers/STM32F7xx_HAL_Driver/Src/stm32f7xx_hal_cortex.c.obj
                0x080018b6                HAL_SYSTICK_Config
 *fill*         0x080018ce        0x2 
 .text.HAL_RCC_OscConfig
                0x080018d0      0x548 CMakeFiles/BLE_TEST_7.dir/Drivers/STM32F7xx_HAL_Driver/Src/stm32f7xx_hal_rcc.c.obj
                0x080018d0                HAL_RCC_OscConfig
 .text.HAL_RCC_ClockConfig
                0x08001e18      0x1d8 CMakeFiles/BLE_TEST_7.dir/Drivers/STM32F7xx_HAL_Driver/Src/stm32f7xx_hal_rcc.c.obj
                0x08001e18                HAL_RCC_ClockConfig
 .text.HAL_RCC_GetSysClockFreq
                0x08001ff0      0x20c CMakeFiles/BLE_TEST_7.dir/Drivers/STM32F7xx_HAL_Driver/Src/stm32f7xx_hal_rcc.c.obj
                0x08001ff0                HAL_RCC_GetSysClockFreq
 .text.HAL_RCC_GetHCLKFreq
                0x080021fc       0x18 CMakeFiles/BLE_TEST_7.dir/Drivers/STM32F7xx_HAL_Driver/Src/stm32f7xx_hal_rcc.c.obj
                0x080021fc                HAL_RCC_GetHCLKFreq
 .text.HAL_RCC_GetPCLK1Freq
                0x08002214       0x28 CMakeFiles/BLE_TEST_7.dir/Drivers/STM32F7xx_HAL_Driver/Src/stm32f7xx_hal_rcc.c.obj
                0x08002214                HAL_RCC_GetPCLK1Freq
 .text.HAL_RCC_GetPCLK2Freq
                0x0800223c       0x28 CMakeFiles/BLE_TEST_7.dir/Drivers/STM32F7xx_HAL_Driver/Src/stm32f7xx_hal_rcc.c.obj
                0x0800223c                HAL_RCC_GetPCLK2Freq
 .text.HAL_RCCEx_PeriphCLKConfig
                0x08002264      0x7e0 CMakeFiles/BLE_TEST_7.dir/Drivers/STM32F7xx_HAL_Driver/Src/stm32f7xx_hal_rcc_ex.c.obj
                0x08002264                HAL_RCCEx_PeriphCLKConfig
 .text.HAL_GPIO_Init
                0x08002a44      0x358 CMakeFiles/BLE_TEST_7.dir/Drivers/STM32F7xx_HAL_Driver/Src/stm32f7xx_hal_gpio.c.obj
                0x08002a44                HAL_GPIO_Init
 .text.HAL_GPIO_WritePin
                0x08002d9c       0x32 CMakeFiles/BLE_TEST_7.dir/Drivers/STM32F7xx_HAL_Driver/Src/stm32f7xx_hal_gpio.c.obj
                0x08002d9c                HAL_GPIO_WritePin
 *fill*         0x08002dce        0x2 
 .text.HAL_DMA_Init
                0x08002dd0      0x15c CMakeFiles/BLE_TEST_7.dir/Drivers/STM32F7xx_HAL_Driver/Src/stm32f7xx_hal_dma.c.obj
                0x08002dd0                HAL_DMA_Init
 .text.HAL_DMA_Abort
                0x08002f2c       0xe0 CMakeFiles/BLE_TEST_7.dir/Drivers/STM32F7xx_HAL_Driver/Src/stm32f7xx_hal_dma.c.obj
                0x08002f2c                HAL_DMA_Abort
 .text.HAL_DMA_Abort_IT
                0x0800300c       0x44 CMakeFiles/BLE_TEST_7.dir/Drivers/STM32F7xx_HAL_Driver/Src/stm32f7xx_hal_dma.c.obj
                0x0800300c                HAL_DMA_Abort_IT
 .text.HAL_DMA_IRQHandler
                0x08003050      0x314 CMakeFiles/BLE_TEST_7.dir/Drivers/STM32F7xx_HAL_Driver/Src/stm32f7xx_hal_dma.c.obj
                0x08003050                HAL_DMA_IRQHandler
 .text.DMA_CalcBaseAndBitshift
                0x08003364       0x6c CMakeFiles/BLE_TEST_7.dir/Drivers/STM32F7xx_HAL_Driver/Src/stm32f7xx_hal_dma.c.obj
 .text.DMA_CheckFifoParam
                0x080033d0       0xf8 CMakeFiles/BLE_TEST_7.dir/Drivers/STM32F7xx_HAL_Driver/Src/stm32f7xx_hal_dma.c.obj
 .text.HAL_PWR_EnableBkUpAccess
                0x080034c8       0x20 CMakeFiles/BLE_TEST_7.dir/Drivers/STM32F7xx_HAL_Driver/Src/stm32f7xx_hal_pwr.c.obj
                0x080034c8                HAL_PWR_EnableBkUpAccess
 .text.HAL_Init
                0x080034e8       0x1a CMakeFiles/BLE_TEST_7.dir/Drivers/STM32F7xx_HAL_Driver/Src/stm32f7xx_hal.c.obj
                0x080034e8                HAL_Init
 *fill*         0x08003502        0x2 
 .text.HAL_InitTick
                0x08003504       0x60 CMakeFiles/BLE_TEST_7.dir/Drivers/STM32F7xx_HAL_Driver/Src/stm32f7xx_hal.c.obj
                0x08003504                HAL_InitTick
 .text.HAL_IncTick
                0x08003564       0x28 CMakeFiles/BLE_TEST_7.dir/Drivers/STM32F7xx_HAL_Driver/Src/stm32f7xx_hal.c.obj
                0x08003564                HAL_IncTick
 .text.HAL_GetTick
                0x0800358c       0x18 CMakeFiles/BLE_TEST_7.dir/Drivers/STM32F7xx_HAL_Driver/Src/stm32f7xx_hal.c.obj
                0x0800358c                HAL_GetTick
 .text.HAL_Delay
                0x080035a4       0x48 CMakeFiles/BLE_TEST_7.dir/Drivers/STM32F7xx_HAL_Driver/Src/stm32f7xx_hal.c.obj
                0x080035a4                HAL_Delay
 .text.HAL_I2C_Init
                0x080035ec      0x138 CMakeFiles/BLE_TEST_7.dir/Drivers/STM32F7xx_HAL_Driver/Src/stm32f7xx_hal_i2c.c.obj
                0x080035ec                HAL_I2C_Init
 .text.HAL_I2CEx_ConfigAnalogFilter
                0x08003724       0x96 CMakeFiles/BLE_TEST_7.dir/Drivers/STM32F7xx_HAL_Driver/Src/stm32f7xx_hal_i2c_ex.c.obj
                0x08003724                HAL_I2CEx_ConfigAnalogFilter
 .text.HAL_I2CEx_ConfigDigitalFilter
                0x080037ba       0x98 CMakeFiles/BLE_TEST_7.dir/Drivers/STM32F7xx_HAL_Driver/Src/stm32f7xx_hal_i2c_ex.c.obj
                0x080037ba                HAL_I2CEx_ConfigDigitalFilter
 *fill*         0x08003852        0x2 
 .text.HAL_ETH_Init
                0x08003854      0x134 CMakeFiles/BLE_TEST_7.dir/Drivers/STM32F7xx_HAL_Driver/Src/stm32f7xx_hal_eth.c.obj
                0x08003854                HAL_ETH_Init
 .text.ETH_SetMACConfig
                0x08003988      0x168 CMakeFiles/BLE_TEST_7.dir/Drivers/STM32F7xx_HAL_Driver/Src/stm32f7xx_hal_eth.c.obj
 .text.ETH_SetDMAConfig
                0x08003af0      0x114 CMakeFiles/BLE_TEST_7.dir/Drivers/STM32F7xx_HAL_Driver/Src/stm32f7xx_hal_eth.c.obj
 .text.ETH_MACDMAConfig
                0x08003c04       0xea CMakeFiles/BLE_TEST_7.dir/Drivers/STM32F7xx_HAL_Driver/Src/stm32f7xx_hal_eth.c.obj
 *fill*         0x08003cee        0x2 
 .text.ETH_MACAddressConfig
                0x08003cf0       0x70 CMakeFiles/BLE_TEST_7.dir/Drivers/STM32F7xx_HAL_Driver/Src/stm32f7xx_hal_eth.c.obj
 .text.ETH_DMATxDescListInit
                0x08003d60       0xb2 CMakeFiles/BLE_TEST_7.dir/Drivers/STM32F7xx_HAL_Driver/Src/stm32f7xx_hal_eth.c.obj
 .text.ETH_DMARxDescListInit
                0x08003e12       0xde CMakeFiles/BLE_TEST_7.dir/Drivers/STM32F7xx_HAL_Driver/Src/stm32f7xx_hal_eth.c.obj
 .text.HAL_SPI_Init
                0x08003ef0      0x156 CMakeFiles/BLE_TEST_7.dir/Drivers/STM32F7xx_HAL_Driver/Src/stm32f7xx_hal_spi.c.obj
                0x08003ef0                HAL_SPI_Init
 .text.HAL_SPI_Transmit
                0x08004046      0x2ea CMakeFiles/BLE_TEST_7.dir/Drivers/STM32F7xx_HAL_Driver/Src/stm32f7xx_hal_spi.c.obj
                0x08004046                HAL_SPI_Transmit
 .text.HAL_SPI_Receive
                0x08004330      0x26e CMakeFiles/BLE_TEST_7.dir/Drivers/STM32F7xx_HAL_Driver/Src/stm32f7xx_hal_spi.c.obj
                0x08004330                HAL_SPI_Receive
 .text.HAL_SPI_TransmitReceive
                0x0800459e      0x444 CMakeFiles/BLE_TEST_7.dir/Drivers/STM32F7xx_HAL_Driver/Src/stm32f7xx_hal_spi.c.obj
                0x0800459e                HAL_SPI_TransmitReceive
 *fill*         0x080049e2        0x2 
 .text.HAL_SPI_IRQHandler
                0x080049e4      0x200 CMakeFiles/BLE_TEST_7.dir/Drivers/STM32F7xx_HAL_Driver/Src/stm32f7xx_hal_spi.c.obj
                0x080049e4                HAL_SPI_IRQHandler
 .text.HAL_SPI_ErrorCallback
                0x08004be4       0x14 CMakeFiles/BLE_TEST_7.dir/Drivers/STM32F7xx_HAL_Driver/Src/stm32f7xx_hal_spi.c.obj
                0x08004be4                HAL_SPI_ErrorCallback
 .text.SPI_DMAAbortOnError
                0x08004bf8       0x2a CMakeFiles/BLE_TEST_7.dir/Drivers/STM32F7xx_HAL_Driver/Src/stm32f7xx_hal_spi.c.obj
 *fill*         0x08004c22        0x2 
 .text.SPI_WaitFlagStateUntilTimeout
                0x08004c24      0x110 CMakeFiles/BLE_TEST_7.dir/Drivers/STM32F7xx_HAL_Driver/Src/stm32f7xx_hal_spi.c.obj
 .text.SPI_WaitFifoStateUntilTimeout
                0x08004d34      0x12c CMakeFiles/BLE_TEST_7.dir/Drivers/STM32F7xx_HAL_Driver/Src/stm32f7xx_hal_spi.c.obj
 .text.SPI_EndRxTransaction
                0x08004e60       0xf8 CMakeFiles/BLE_TEST_7.dir/Drivers/STM32F7xx_HAL_Driver/Src/stm32f7xx_hal_spi.c.obj
 .text.SPI_EndRxTxTransaction
                0x08004f58       0xd4 CMakeFiles/BLE_TEST_7.dir/Drivers/STM32F7xx_HAL_Driver/Src/stm32f7xx_hal_spi.c.obj
 .text.HAL_UART_Init
                0x0800502c       0x9c CMakeFiles/BLE_TEST_7.dir/Drivers/STM32F7xx_HAL_Driver/Src/stm32f7xx_hal_uart.c.obj
                0x0800502c                HAL_UART_Init
 .text.HAL_UART_Transmit
                0x080050c8      0x112 CMakeFiles/BLE_TEST_7.dir/Drivers/STM32F7xx_HAL_Driver/Src/stm32f7xx_hal_uart.c.obj
                0x080050c8                HAL_UART_Transmit
 *fill*         0x080051da        0x2 
 .text.HAL_UART_IRQHandler
                0x080051dc      0x5a4 CMakeFiles/BLE_TEST_7.dir/Drivers/STM32F7xx_HAL_Driver/Src/stm32f7xx_hal_uart.c.obj
                0x080051dc                HAL_UART_IRQHandler
 .text.HAL_UART_TxCpltCallback
                0x08005780       0x14 CMakeFiles/BLE_TEST_7.dir/Drivers/STM32F7xx_HAL_Driver/Src/stm32f7xx_hal_uart.c.obj
                0x08005780                HAL_UART_TxCpltCallback
 .text.HAL_UART_ErrorCallback
                0x08005794       0x14 CMakeFiles/BLE_TEST_7.dir/Drivers/STM32F7xx_HAL_Driver/Src/stm32f7xx_hal_uart.c.obj
                0x08005794                HAL_UART_ErrorCallback
 .text.HAL_UARTEx_RxEventCallback
                0x080057a8       0x18 CMakeFiles/BLE_TEST_7.dir/Drivers/STM32F7xx_HAL_Driver/Src/stm32f7xx_hal_uart.c.obj
                0x080057a8                HAL_UARTEx_RxEventCallback
 .text.UART_SetConfig
                0x080057c0      0x4c8 CMakeFiles/BLE_TEST_7.dir/Drivers/STM32F7xx_HAL_Driver/Src/stm32f7xx_hal_uart.c.obj
                0x080057c0                UART_SetConfig
 .text.UART_AdvFeatureConfig
                0x08005c88      0x144 CMakeFiles/BLE_TEST_7.dir/Drivers/STM32F7xx_HAL_Driver/Src/stm32f7xx_hal_uart.c.obj
                0x08005c88                UART_AdvFeatureConfig
 .text.UART_CheckIdleState
                0x08005dcc       0xae CMakeFiles/BLE_TEST_7.dir/Drivers/STM32F7xx_HAL_Driver/Src/stm32f7xx_hal_uart.c.obj
                0x08005dcc                UART_CheckIdleState
 .text.UART_WaitOnFlagUntilTimeout
                0x08005e7a       0xda CMakeFiles/BLE_TEST_7.dir/Drivers/STM32F7xx_HAL_Driver/Src/stm32f7xx_hal_uart.c.obj
                0x08005e7a                UART_WaitOnFlagUntilTimeout
 .text.UART_EndRxTransfer
                0x08005f54       0xc8 CMakeFiles/BLE_TEST_7.dir/Drivers/STM32F7xx_HAL_Driver/Src/stm32f7xx_hal_uart.c.obj
 .text.UART_DMAAbortOnError
                0x0800601c       0x2c CMakeFiles/BLE_TEST_7.dir/Drivers/STM32F7xx_HAL_Driver/Src/stm32f7xx_hal_uart.c.obj
 .text.UART_EndTransmit_IT
                0x08006048       0x54 CMakeFiles/BLE_TEST_7.dir/Drivers/STM32F7xx_HAL_Driver/Src/stm32f7xx_hal_uart.c.obj
 .text.HAL_PCD_Init
                0x0800609c      0x22c CMakeFiles/BLE_TEST_7.dir/Drivers/STM32F7xx_HAL_Driver/Src/stm32f7xx_hal_pcd.c.obj
                0x0800609c                HAL_PCD_Init
 .text.HAL_PCDEx_ActivateLPM
                0x080062c8       0x48 CMakeFiles/BLE_TEST_7.dir/Drivers/STM32F7xx_HAL_Driver/Src/stm32f7xx_hal_pcd_ex.c.obj
                0x080062c8                HAL_PCDEx_ActivateLPM
 .text.USB_CoreInit
                0x08006310       0xb4 CMakeFiles/BLE_TEST_7.dir/Drivers/STM32F7xx_HAL_Driver/Src/stm32f7xx_ll_usb.c.obj
                0x08006310                USB_CoreInit
 .text.USB_DisableGlobalInt
                0x080063c4       0x22 CMakeFiles/BLE_TEST_7.dir/Drivers/STM32F7xx_HAL_Driver/Src/stm32f7xx_ll_usb.c.obj
                0x080063c4                USB_DisableGlobalInt
 .text.USB_SetCurrentMode
                0x080063e6       0x98 CMakeFiles/BLE_TEST_7.dir/Drivers/STM32F7xx_HAL_Driver/Src/stm32f7xx_ll_usb.c.obj
                0x080063e6                USB_SetCurrentMode
 *fill*         0x0800647e        0x2 
 .text.USB_DevInit
                0x08006480      0x2bc CMakeFiles/BLE_TEST_7.dir/Drivers/STM32F7xx_HAL_Driver/Src/stm32f7xx_ll_usb.c.obj
                0x08006480                USB_DevInit
 .text.USB_FlushTxFifo
                0x0800673c       0x64 CMakeFiles/BLE_TEST_7.dir/Drivers/STM32F7xx_HAL_Driver/Src/stm32f7xx_ll_usb.c.obj
                0x0800673c                USB_FlushTxFifo
 .text.USB_FlushRxFifo
                0x080067a0       0x5c CMakeFiles/BLE_TEST_7.dir/Drivers/STM32F7xx_HAL_Driver/Src/stm32f7xx_ll_usb.c.obj
                0x080067a0                USB_FlushRxFifo
 .text.USB_SetDevSpeed
                0x080067fc       0x32 CMakeFiles/BLE_TEST_7.dir/Drivers/STM32F7xx_HAL_Driver/Src/stm32f7xx_ll_usb.c.obj
                0x080067fc                USB_SetDevSpeed
 .text.USB_DevDisconnect
                0x0800682e       0x42 CMakeFiles/BLE_TEST_7.dir/Drivers/STM32F7xx_HAL_Driver/Src/stm32f7xx_ll_usb.c.obj
                0x0800682e                USB_DevDisconnect
 .text.USB_GetMode
                0x08006870       0x1c CMakeFiles/BLE_TEST_7.dir/Drivers/STM32F7xx_HAL_Driver/Src/stm32f7xx_ll_usb.c.obj
                0x08006870                USB_GetMode
 .text.USB_CoreReset
                0x0800688c       0x62 CMakeFiles/BLE_TEST_7.dir/Drivers/STM32F7xx_HAL_Driver/Src/stm32f7xx_ll_usb.c.obj
 *fill*         0x080068ee        0x2 
 .text.SystemInit
                0x080068f0       0x24 CMakeFiles/BLE_TEST_7.dir/Core/Src/system_stm32f7xx.c.obj
                0x080068f0                SystemInit
 .text._sbrk    0x08006914       0x6c CMakeFiles/BLE_TEST_7.dir/Core/Src/sysmem.c.obj
                0x08006914                _sbrk
 .text.Reset_Handler
                0x08006980       0x50 CMakeFiles/BLE_TEST_7.dir/startup_stm32f746xx.s.obj
                0x08006980                Reset_Handler
 .text.Default_Handler
                0x080069d0        0x2 CMakeFiles/BLE_TEST_7.dir/startup_stm32f746xx.s.obj
                0x080069d0                DMA1_Stream3_IRQHandler
                0x080069d0                EXTI2_IRQHandler
                0x080069d0                TIM8_CC_IRQHandler
                0x080069d0                UART8_IRQHandler
                0x080069d0                SPI4_IRQHandler
                0x080069d0                TIM1_CC_IRQHandler
                0x080069d0                DMA2_Stream5_IRQHandler
                0x080069d0                DMA1_Stream5_IRQHandler
                0x080069d0                PVD_IRQHandler
                0x080069d0                TAMP_STAMP_IRQHandler
                0x080069d0                CAN2_RX1_IRQHandler
                0x080069d0                EXTI3_IRQHandler
                0x080069d0                TIM8_TRG_COM_TIM14_IRQHandler
                0x080069d0                TIM1_UP_TIM10_IRQHandler
                0x080069d0                TIM8_UP_TIM13_IRQHandler
                0x080069d0                I2C3_ER_IRQHandler
                0x080069d0                EXTI0_IRQHandler
                0x080069d0                I2C2_EV_IRQHandler
                0x080069d0                DMA1_Stream2_IRQHandler
                0x080069d0                CAN1_RX0_IRQHandler
                0x080069d0                FPU_IRQHandler
                0x080069d0                OTG_HS_WKUP_IRQHandler
                0x080069d0                LTDC_ER_IRQHandler
                0x080069d0                CAN2_SCE_IRQHandler
                0x080069d0                DMA2_Stream2_IRQHandler
                0x080069d0                TIM6_DAC_IRQHandler
                0x080069d0                TIM1_BRK_TIM9_IRQHandler
                0x080069d0                DCMI_IRQHandler
                0x080069d0                CAN2_RX0_IRQHandler
                0x080069d0                DMA2_Stream3_IRQHandler
                0x080069d0                SAI2_IRQHandler
                0x080069d0                USART6_IRQHandler
                0x080069d0                CAN1_RX1_IRQHandler
                0x080069d0                DMA2_Stream0_IRQHandler
                0x080069d0                TIM4_IRQHandler
                0x080069d0                QUADSPI_IRQHandler
                0x080069d0                I2C1_EV_IRQHandler
                0x080069d0                DMA1_Stream6_IRQHandler
                0x080069d0                DMA1_Stream1_IRQHandler
                0x080069d0                UART4_IRQHandler
                0x080069d0                TIM3_IRQHandler
                0x080069d0                RCC_IRQHandler
                0x080069d0                TIM8_BRK_TIM12_IRQHandler
                0x080069d0                Default_Handler
                0x080069d0                CEC_IRQHandler
                0x080069d0                EXTI15_10_IRQHandler
                0x080069d0                ADC_IRQHandler
                0x080069d0                SPI5_IRQHandler
                0x080069d0                TIM7_IRQHandler
                0x080069d0                SDMMC1_IRQHandler
                0x080069d0                CAN2_TX_IRQHandler
                0x080069d0                TIM5_IRQHandler
                0x080069d0                DMA2_Stream7_IRQHandler
                0x080069d0                I2C3_EV_IRQHandler
                0x080069d0                EXTI9_5_IRQHandler
                0x080069d0                RTC_WKUP_IRQHandler
                0x080069d0                LTDC_IRQHandler
                0x080069d0                ETH_WKUP_IRQHandler
                0x080069d0                SPDIF_RX_IRQHandler
                0x080069d0                SPI2_IRQHandler
                0x080069d0                OTG_HS_EP1_IN_IRQHandler
                0x080069d0                CAN1_TX_IRQHandler
                0x080069d0                EXTI4_IRQHandler
                0x080069d0                RNG_IRQHandler
                0x080069d0                ETH_IRQHandler
                0x080069d0                OTG_HS_EP1_OUT_IRQHandler
                0x080069d0                WWDG_IRQHandler
                0x080069d0                SPI6_IRQHandler
                0x080069d0                I2C4_EV_IRQHandler
                0x080069d0                TIM2_IRQHandler
                0x080069d0                OTG_FS_WKUP_IRQHandler
                0x080069d0                TIM1_TRG_COM_TIM11_IRQHandler
                0x080069d0                OTG_HS_IRQHandler
                0x080069d0                DMA2D_IRQHandler
                0x080069d0                EXTI1_IRQHandler
                0x080069d0                UART7_IRQHandler
                0x080069d0                USART2_IRQHandler
                0x080069d0                I2C2_ER_IRQHandler
                0x080069d0                DMA2_Stream1_IRQHandler
                0x080069d0                CAN1_SCE_IRQHandler
                0x080069d0                FLASH_IRQHandler
                0x080069d0                DMA2_Stream4_IRQHandler
                0x080069d0                USART1_IRQHandler
                0x080069d0                OTG_FS_IRQHandler
                0x080069d0                SPI3_IRQHandler
                0x080069d0                DMA1_Stream4_IRQHandler
                0x080069d0                I2C1_ER_IRQHandler
                0x080069d0                FMC_IRQHandler
                0x080069d0                LPTIM1_IRQHandler
                0x080069d0                I2C4_ER_IRQHandler
                0x080069d0                DMA2_Stream6_IRQHandler
                0x080069d0                SAI1_IRQHandler
                0x080069d0                RTC_Alarm_IRQHandler
 *fill*         0x080069d2        0x2 
 .text.__udivmoddi4
                0x080069d4      0x2f8 /Applications/ArmGNUToolchain/14.2.rel1/arm-none-eabi/bin/../lib/gcc/arm-none-eabi/14.2.1/thumb/v7e-m+fp/hard/libgcc.a(_udivmoddi4.o)
                0x080069d4                __udivmoddi4
 .text._vsnprintf_r
                0x08006ccc       0x5c /Applications/ArmGNUToolchain/14.2.rel1/arm-none-eabi/bin/../lib/gcc/arm-none-eabi/14.2.1/../../../../arm-none-eabi/lib/thumb/v7e-m+fp/hard/libg_nano.a(libc_a-vsnprintf.o)
                0x08006ccc                _vsnprintf_r
                0x08006ccc                _vsniprintf_r
 .text.vsnprintf
                0x08006d28       0x1c /Applications/ArmGNUToolchain/14.2.rel1/arm-none-eabi/bin/../lib/gcc/arm-none-eabi/14.2.1/../../../../arm-none-eabi/lib/thumb/v7e-m+fp/hard/libg_nano.a(libc_a-vsnprintf.o)
                0x08006d28                vsnprintf
                0x08006d28                vsniprintf
 .text.__errno  0x08006d44        0xc /Applications/ArmGNUToolchain/14.2.rel1/arm-none-eabi/bin/../lib/gcc/arm-none-eabi/14.2.1/../../../../arm-none-eabi/lib/thumb/v7e-m+fp/hard/libg_nano.a(libc_a-errno.o)
                0x08006d44                __errno
 .text.__ssputs_r
                0x08006d50       0xc0 /Applications/ArmGNUToolchain/14.2.rel1/arm-none-eabi/bin/../lib/gcc/arm-none-eabi/14.2.1/../../../../arm-none-eabi/lib/thumb/v7e-m+fp/hard/libg_nano.a(libc_a-nano-svfprintf.o)
                0x08006d50                __ssputs_r
 .text._svfprintf_r
                0x08006e10      0x1f8 /Applications/ArmGNUToolchain/14.2.rel1/arm-none-eabi/bin/../lib/gcc/arm-none-eabi/14.2.1/../../../../arm-none-eabi/lib/thumb/v7e-m+fp/hard/libg_nano.a(libc_a-nano-svfprintf.o)
                0x08006e10                _svfprintf_r
                0x08006e10                _svfiprintf_r
 .text._printf_common
                0x08007008       0xda /Applications/ArmGNUToolchain/14.2.rel1/arm-none-eabi/bin/../lib/gcc/arm-none-eabi/14.2.1/../../../../arm-none-eabi/lib/thumb/v7e-m+fp/hard/libg_nano.a(libc_a-nano-vfprintf_i.o)
                0x08007008                _printf_common
 *fill*         0x080070e2        0x2 
 .text._printf_i
                0x080070e4      0x240 /Applications/ArmGNUToolchain/14.2.rel1/arm-none-eabi/bin/../lib/gcc/arm-none-eabi/14.2.1/../../../../arm-none-eabi/lib/thumb/v7e-m+fp/hard/libg_nano.a(libc_a-nano-vfprintf_i.o)
                0x080070e4                _printf_i
 .text._realloc_r
                0x08007324       0x5c /Applications/ArmGNUToolchain/14.2.rel1/arm-none-eabi/bin/../lib/gcc/arm-none-eabi/14.2.1/../../../../arm-none-eabi/lib/thumb/v7e-m+fp/hard/libg_nano.a(libc_a-reallocr.o)
                0x08007324                _realloc_r
 .text.memmove  0x08007380       0x32 /Applications/ArmGNUToolchain/14.2.rel1/arm-none-eabi/bin/../lib/gcc/arm-none-eabi/14.2.1/../../../../arm-none-eabi/lib/thumb/v7e-m+fp/hard/libg_nano.a(libc_a-memmove.o)
                0x08007380                memmove
 .text.memcpy   0x080073b2       0x1c /Applications/ArmGNUToolchain/14.2.rel1/arm-none-eabi/bin/../lib/gcc/arm-none-eabi/14.2.1/../../../../arm-none-eabi/lib/thumb/v7e-m+fp/hard/libg_nano.a(libc_a-memcpy-stub.o)
                0x080073b2                memcpy
 .text._malloc_usable_size_r
                0x080073ce       0x10 /Applications/ArmGNUToolchain/14.2.rel1/arm-none-eabi/bin/../lib/gcc/arm-none-eabi/14.2.1/../../../../arm-none-eabi/lib/thumb/v7e-m+fp/hard/libg_nano.a(libc_a-msizer.o)
                0x080073ce                _malloc_usable_size_r
 *(.glue_7)
 .glue_7        0x080073de        0x0 linker stubs
 *(.glue_7t)
 .glue_7t       0x080073de        0x0 linker stubs
 *(.eh_frame)
 *fill*         0x080073de        0x2 
 .eh_frame      0x080073e0        0x0 /Applications/ArmGNUToolchain/14.2.rel1/arm-none-eabi/bin/../lib/gcc/arm-none-eabi/14.2.1/thumb/v7e-m+fp/hard/crtbegin.o
 *(.init)
 .init          0x080073e0        0x4 /Applications/ArmGNUToolchain/14.2.rel1/arm-none-eabi/bin/../lib/gcc/arm-none-eabi/14.2.1/thumb/v7e-m+fp/hard/crti.o
                0x080073e0                _init
 .init          0x080073e4        0x8 /Applications/ArmGNUToolchain/14.2.rel1/arm-none-eabi/bin/../lib/gcc/arm-none-eabi/14.2.1/thumb/v7e-m+fp/hard/crtn.o
 *(.fini)
 .fini          0x080073ec        0x4 /Applications/ArmGNUToolchain/14.2.rel1/arm-none-eabi/bin/../lib/gcc/arm-none-eabi/14.2.1/thumb/v7e-m+fp/hard/crti.o
                0x080073ec                _fini
 .fini          0x080073f0        0x8 /Applications/ArmGNUToolchain/14.2.rel1/arm-none-eabi/bin/../lib/gcc/arm-none-eabi/14.2.1/thumb/v7e-m+fp/hard/crtn.o
                0x080073f8                        . = ALIGN (0x4)
                0x080073f8                        _etext = .

.vfp11_veneer   0x080073f8        0x0
 .vfp11_veneer  0x080073f8        0x0 linker stubs

.v4_bx          0x080073f8        0x0
 .v4_bx         0x080073f8        0x0 linker stubs

.iplt           0x080073f8        0x0
 .iplt          0x080073f8        0x0 /Applications/ArmGNUToolchain/14.2.rel1/arm-none-eabi/bin/../lib/gcc/arm-none-eabi/14.2.1/thumb/v7e-m+fp/hard/crtbegin.o

.rodata         0x080073f8      0x198
                0x080073f8                        . = ALIGN (0x4)
 *(.rodata)
 .rodata        0x080073f8      0x143 CMakeFiles/BLE_TEST_7.dir/Core/Src/main.c.obj
 *(.rodata*)
 *fill*         0x0800753b        0x1 
 .rodata.flagBitshiftOffset.0
                0x0800753c        0x8 CMakeFiles/BLE_TEST_7.dir/Drivers/STM32F7xx_HAL_Driver/Src/stm32f7xx_hal_dma.c.obj
 .rodata.AHBPrescTable
                0x08007544       0x10 CMakeFiles/BLE_TEST_7.dir/Core/Src/system_stm32f7xx.c.obj
                0x08007544                AHBPrescTable
 .rodata.APBPrescTable
                0x08007554        0x8 CMakeFiles/BLE_TEST_7.dir/Core/Src/system_stm32f7xx.c.obj
                0x08007554                APBPrescTable
 .rodata._svfprintf_r.str1.1
                0x0800755c       0x33 /Applications/ArmGNUToolchain/14.2.rel1/arm-none-eabi/bin/../lib/gcc/arm-none-eabi/14.2.1/../../../../arm-none-eabi/lib/thumb/v7e-m+fp/hard/libg_nano.a(libc_a-nano-svfprintf.o)
                                 0x11 (size before relaxing)
 .rodata._printf_i.str1.1
                0x0800758f       0x22 /Applications/ArmGNUToolchain/14.2.rel1/arm-none-eabi/bin/../lib/gcc/arm-none-eabi/14.2.1/../../../../arm-none-eabi/lib/thumb/v7e-m+fp/hard/libg_nano.a(libc_a-nano-vfprintf_i.o)
                0x080075b4                        . = ALIGN (0x4)
 *fill*         0x0800758f        0x1 

.ARM.extab
 *(.ARM.extab* .gnu.linkonce.armextab.*)

.ARM            0x08007590        0x8
                0x08007590                        __exidx_start = .
 *(.ARM.exidx*)
 .ARM.exidx     0x08007590        0x8 /Applications/ArmGNUToolchain/14.2.rel1/arm-none-eabi/bin/../lib/gcc/arm-none-eabi/14.2.1/../../../../arm-none-eabi/lib/thumb/v7e-m+fp/hard/libg_nano.a(libc_a-strlen.o)
 .ARM.exidx     0x08007598        0x0 /Applications/ArmGNUToolchain/14.2.rel1/arm-none-eabi/bin/../lib/gcc/arm-none-eabi/14.2.1/../../../../arm-none-eabi/lib/thumb/v7e-m+fp/hard/libg_nano.a(libc_a-memchr.o)
                                  0x8 (size before relaxing)
 .ARM.exidx.text.__udivmoddi4
                0x08007598        0x0 /Applications/ArmGNUToolchain/14.2.rel1/arm-none-eabi/bin/../lib/gcc/arm-none-eabi/14.2.1/thumb/v7e-m+fp/hard/libgcc.a(_udivmoddi4.o)
                                  0x8 (size before relaxing)
                0x08007598                        __exidx_end = .

.rel.dyn        0x08007598        0x0
 .rel.iplt      0x08007598        0x0 /Applications/ArmGNUToolchain/14.2.rel1/arm-none-eabi/bin/../lib/gcc/arm-none-eabi/14.2.1/thumb/v7e-m+fp/hard/crtbegin.o

.preinit_array  0x08007598        0x0
                0x08007598                        PROVIDE (__preinit_array_start = .)
 *(.preinit_array*)
                0x08007598                        PROVIDE (__preinit_array_end = .)

.init_array     0x08007598        0x4
                0x08007598                        PROVIDE (__init_array_start = .)
 *(SORT_BY_NAME(.init_array.*))
 *(.init_array*)
 .init_array    0x08007598        0x4 /Applications/ArmGNUToolchain/14.2.rel1/arm-none-eabi/bin/../lib/gcc/arm-none-eabi/14.2.1/thumb/v7e-m+fp/hard/crtbegin.o
                0x0800759c                        PROVIDE (__init_array_end = .)

.fini_array     0x0800759c        0x4
                [!provide]                        PROVIDE (__fini_array_start = .)
 *(SORT_BY_NAME(.fini_array.*))
 *(.fini_array*)
 .fini_array    0x0800759c        0x4 /Applications/ArmGNUToolchain/14.2.rel1/arm-none-eabi/bin/../lib/gcc/arm-none-eabi/14.2.1/thumb/v7e-m+fp/hard/crtbegin.o
                [!provide]                        PROVIDE (__fini_array_end = .)
                0x080075a0                        _sidata = LOADADDR (.data)

.data           0x20000000       0x64 load address 0x080075a0
                0x20000000                        . = ALIGN (0x4)
                0x20000000                        _sdata = .
 *(.data)
 *(.data*)
 .data._impure_ptr
                0x20000000        0x4 /Applications/ArmGNUToolchain/14.2.rel1/arm-none-eabi/bin/../lib/gcc/arm-none-eabi/14.2.1/../../../../arm-none-eabi/lib/thumb/v7e-m+fp/hard/libc_nano.a(libc_a-impure.o)
                0x20000000                _impure_ptr
 .data._impure_data
                0x20000004       0x4c /Applications/ArmGNUToolchain/14.2.rel1/arm-none-eabi/bin/../lib/gcc/arm-none-eabi/14.2.1/../../../../arm-none-eabi/lib/thumb/v7e-m+fp/hard/libc_nano.a(libc_a-impure.o)
                0x20000004                _impure_data
 .data.tx_1     0x20000050        0x4 CMakeFiles/BLE_TEST_7.dir/Core/Src/main.c.obj
 .data.tx_2     0x20000054        0x4 CMakeFiles/BLE_TEST_7.dir/Core/Src/main.c.obj
 .data.uwTickPrio
                0x20000058        0x4 CMakeFiles/BLE_TEST_7.dir/Drivers/STM32F7xx_HAL_Driver/Src/stm32f7xx_hal.c.obj
                0x20000058                uwTickPrio
 .data.uwTickFreq
                0x2000005c        0x1 CMakeFiles/BLE_TEST_7.dir/Drivers/STM32F7xx_HAL_Driver/Src/stm32f7xx_hal.c.obj
                0x2000005c                uwTickFreq
 *fill*         0x2000005d        0x3 
 .data.SystemCoreClock
                0x20000060        0x4 CMakeFiles/BLE_TEST_7.dir/Core/Src/system_stm32f7xx.c.obj
                0x20000060                SystemCoreClock
                0x20000064                        . = ALIGN (0x4)
                0x20000064                        _edata = .

.tm_clone_table
                0x20000064        0x0 load address 0x08007604
 .tm_clone_table
                0x20000064        0x0 /Applications/ArmGNUToolchain/14.2.rel1/arm-none-eabi/bin/../lib/gcc/arm-none-eabi/14.2.1/thumb/v7e-m+fp/hard/crtbegin.o
 .tm_clone_table
                0x20000064        0x0 /Applications/ArmGNUToolchain/14.2.rel1/arm-none-eabi/bin/../lib/gcc/arm-none-eabi/14.2.1/thumb/v7e-m+fp/hard/crtend.o

.igot.plt       0x20000064        0x0 load address 0x08007604
 .igot.plt      0x20000064        0x0 /Applications/ArmGNUToolchain/14.2.rel1/arm-none-eabi/bin/../lib/gcc/arm-none-eabi/14.2.1/thumb/v7e-m+fp/hard/crtbegin.o

.RxDecripSection
                0x20000064       0xa0 load address 0x08007604
 .RxDecripSection
                0x20000064       0xa0 CMakeFiles/BLE_TEST_7.dir/Core/Src/main.c.obj
                0x20000064                DMARxDscrTab

.TxDecripSection
                0x20000104       0xa0 load address 0x080076a4
 .TxDecripSection
                0x20000104       0xa0 CMakeFiles/BLE_TEST_7.dir/Core/Src/main.c.obj
                0x20000104                DMATxDscrTab
                0x200001a4                        . = ALIGN (0x4)

.bss            0x200001a4      0x9c4 load address 0x08007744
                0x200001a4                        _sbss = .
                0x200001a4                        __bss_start__ = _sbss
 *(.bss)
 *(.bss*)
 .bss.completed.1
                0x200001a4        0x1 /Applications/ArmGNUToolchain/14.2.rel1/arm-none-eabi/bin/../lib/gcc/arm-none-eabi/14.2.1/thumb/v7e-m+fp/hard/crtbegin.o
 *fill*         0x200001a5        0x3 
 .bss.object.0  0x200001a8       0x18 /Applications/ArmGNUToolchain/14.2.rel1/arm-none-eabi/bin/../lib/gcc/arm-none-eabi/14.2.1/thumb/v7e-m+fp/hard/crtbegin.o
 .bss.__sf      0x200001c0      0x138 /Applications/ArmGNUToolchain/14.2.rel1/arm-none-eabi/bin/../lib/gcc/arm-none-eabi/14.2.1/../../../../arm-none-eabi/lib/thumb/v7e-m+fp/hard/libc_nano.a(libc_a-findfp.o)
                0x200001c0                __sf
 .bss.__lock___malloc_recursive_mutex
                0x200002f8        0x1 /Applications/ArmGNUToolchain/14.2.rel1/arm-none-eabi/bin/../lib/gcc/arm-none-eabi/14.2.1/../../../../arm-none-eabi/lib/thumb/v7e-m+fp/hard/libc_nano.a(libc_a-lock.o)
                0x200002f8                __lock___malloc_recursive_mutex
 *fill*         0x200002f9        0x3 
 .bss.__malloc_sbrk_start
                0x200002fc        0x4 /Applications/ArmGNUToolchain/14.2.rel1/arm-none-eabi/bin/../lib/gcc/arm-none-eabi/14.2.1/../../../../arm-none-eabi/lib/thumb/v7e-m+fp/hard/libc_nano.a(libc_a-mallocr.o)
                0x200002fc                __malloc_sbrk_start
 .bss.__malloc_free_list
                0x20000300        0x4 /Applications/ArmGNUToolchain/14.2.rel1/arm-none-eabi/bin/../lib/gcc/arm-none-eabi/14.2.1/../../../../arm-none-eabi/lib/thumb/v7e-m+fp/hard/libc_nano.a(libc_a-mallocr.o)
                0x20000300                __malloc_free_list
 .bss.errno     0x20000304        0x4 /Applications/ArmGNUToolchain/14.2.rel1/arm-none-eabi/bin/../lib/gcc/arm-none-eabi/14.2.1/../../../../arm-none-eabi/lib/thumb/v7e-m+fp/hard/libc_nano.a(libc_a-reent.o)
                0x20000304                errno
 .bss.TxConfig  0x20000308       0x38 CMakeFiles/BLE_TEST_7.dir/Core/Src/main.c.obj
                0x20000308                TxConfig
 .bss.heth      0x20000340       0xb0 CMakeFiles/BLE_TEST_7.dir/Core/Src/main.c.obj
                0x20000340                heth
 .bss.hi2c1     0x200003f0       0x54 CMakeFiles/BLE_TEST_7.dir/Core/Src/main.c.obj
                0x200003f0                hi2c1
 .bss.hspi1     0x20000444       0x64 CMakeFiles/BLE_TEST_7.dir/Core/Src/main.c.obj
                0x20000444                hspi1
 .bss.huart5    0x200004a8       0x88 CMakeFiles/BLE_TEST_7.dir/Core/Src/main.c.obj
                0x200004a8                huart5
 .bss.huart3    0x20000530       0x88 CMakeFiles/BLE_TEST_7.dir/Core/Src/main.c.obj
                0x20000530                huart3
 .bss.hdma_uart5_rx
                0x200005b8       0x60 CMakeFiles/BLE_TEST_7.dir/Core/Src/main.c.obj
                0x200005b8                hdma_uart5_rx
 .bss.hdma_uart5_tx
                0x20000618       0x60 CMakeFiles/BLE_TEST_7.dir/Core/Src/main.c.obj
                0x20000618                hdma_uart5_tx
 .bss.hpcd_USB_OTG_FS
                0x20000678      0x4e0 CMakeFiles/BLE_TEST_7.dir/Core/Src/main.c.obj
                0x20000678                hpcd_USB_OTG_FS
 .bss.MACAddr.0
                0x20000b58        0x6 CMakeFiles/BLE_TEST_7.dir/Core/Src/main.c.obj
 *fill*         0x20000b5e        0x2 
 .bss.uwTick    0x20000b60        0x4 CMakeFiles/BLE_TEST_7.dir/Drivers/STM32F7xx_HAL_Driver/Src/stm32f7xx_hal.c.obj
                0x20000b60                uwTick
 .bss.__sbrk_heap_end
                0x20000b64        0x4 CMakeFiles/BLE_TEST_7.dir/Core/Src/sysmem.c.obj
 *(COMMON)
                0x20000b68                        . = ALIGN (0x4)
                0x20000b68                        _ebss = .
                0x20000b68                        __bss_end__ = _ebss

._user_heap_stack
                0x20000b68      0x600 load address 0x08007744
                0x20000b68                        . = ALIGN (0x8)
                [!provide]                        PROVIDE (end = .)
                0x20000b68                        PROVIDE (_end = .)
                0x20000d68                        . = (. + _Min_Heap_Size)
 *fill*         0x20000b68      0x200 
                0x20001168                        . = (. + _Min_Stack_Size)
 *fill*         0x20000d68      0x400 
                0x20001168                        . = ALIGN (0x8)

/DISCARD/
 libc.a(*)
 libm.a(*)
 libgcc.a(*)
OUTPUT(BLE_TEST_7.elf elf32-littlearm)
LOAD linker stubs
LOAD /Applications/ArmGNUToolchain/14.2.rel1/arm-none-eabi/bin/../lib/gcc/arm-none-eabi/14.2.1/../../../../arm-none-eabi/lib/thumb/v7e-m+fp/hard/libc.a
LOAD /Applications/ArmGNUToolchain/14.2.rel1/arm-none-eabi/bin/../lib/gcc/arm-none-eabi/14.2.1/../../../../arm-none-eabi/lib/thumb/v7e-m+fp/hard/libm.a
LOAD /Applications/ArmGNUToolchain/14.2.rel1/arm-none-eabi/bin/../lib/gcc/arm-none-eabi/14.2.1/thumb/v7e-m+fp/hard/libgcc.a

.ARM.attributes
                0x00000000       0x30
 .ARM.attributes
                0x00000000       0x22 /Applications/ArmGNUToolchain/14.2.rel1/arm-none-eabi/bin/../lib/gcc/arm-none-eabi/14.2.1/thumb/v7e-m+fp/hard/crti.o
 .ARM.attributes
                0x00000022       0x34 /Applications/ArmGNUToolchain/14.2.rel1/arm-none-eabi/bin/../lib/gcc/arm-none-eabi/14.2.1/thumb/v7e-m+fp/hard/crtbegin.o
 .ARM.attributes
                0x00000056       0x34 /Applications/ArmGNUToolchain/14.2.rel1/arm-none-eabi/bin/../lib/gcc/arm-none-eabi/14.2.1/../../../../arm-none-eabi/lib/thumb/v7e-m+fp/hard/libc_nano.a(libc_a-findfp.o)
 .ARM.attributes
                0x0000008a       0x34 /Applications/ArmGNUToolchain/14.2.rel1/arm-none-eabi/bin/../lib/gcc/arm-none-eabi/14.2.1/../../../../arm-none-eabi/lib/thumb/v7e-m+fp/hard/libc_nano.a(libc_a-memset.o)
 .ARM.attributes
                0x000000be       0x34 /Applications/ArmGNUToolchain/14.2.rel1/arm-none-eabi/bin/../lib/gcc/arm-none-eabi/14.2.1/../../../../arm-none-eabi/lib/thumb/v7e-m+fp/hard/libc_nano.a(libc_a-init.o)
 .ARM.attributes
                0x000000f2       0x34 /Applications/ArmGNUToolchain/14.2.rel1/arm-none-eabi/bin/../lib/gcc/arm-none-eabi/14.2.1/../../../../arm-none-eabi/lib/thumb/v7e-m+fp/hard/libc_nano.a(libc_a-lock.o)
 .ARM.attributes
                0x00000126       0x34 /Applications/ArmGNUToolchain/14.2.rel1/arm-none-eabi/bin/../lib/gcc/arm-none-eabi/14.2.1/../../../../arm-none-eabi/lib/thumb/v7e-m+fp/hard/libc_nano.a(libc_a-impure.o)
 .ARM.attributes
                0x0000015a       0x34 /Applications/ArmGNUToolchain/14.2.rel1/arm-none-eabi/bin/../lib/gcc/arm-none-eabi/14.2.1/../../../../arm-none-eabi/lib/thumb/v7e-m+fp/hard/libc_nano.a(libc_a-mallocr.o)
 .ARM.attributes
                0x0000018e       0x34 /Applications/ArmGNUToolchain/14.2.rel1/arm-none-eabi/bin/../lib/gcc/arm-none-eabi/14.2.1/../../../../arm-none-eabi/lib/thumb/v7e-m+fp/hard/libc_nano.a(libc_a-mlock.o)
 .ARM.attributes
                0x000001c2       0x34 /Applications/ArmGNUToolchain/14.2.rel1/arm-none-eabi/bin/../lib/gcc/arm-none-eabi/14.2.1/../../../../arm-none-eabi/lib/thumb/v7e-m+fp/hard/libc_nano.a(libc_a-sbrkr.o)
 .ARM.attributes
                0x000001f6       0x34 /Applications/ArmGNUToolchain/14.2.rel1/arm-none-eabi/bin/../lib/gcc/arm-none-eabi/14.2.1/../../../../arm-none-eabi/lib/thumb/v7e-m+fp/hard/libc_nano.a(libc_a-reent.o)
 .ARM.attributes
                0x0000022a       0x34 /Applications/ArmGNUToolchain/14.2.rel1/arm-none-eabi/bin/../lib/gcc/arm-none-eabi/14.2.1/../../../../arm-none-eabi/lib/thumb/v7e-m+fp/hard/libc_nano.a(libc_a-freer.o)
 .ARM.attributes
                0x0000025e       0x34 CMakeFiles/BLE_TEST_7.dir/Core/Src/main.c.obj
 .ARM.attributes
                0x00000292       0x34 CMakeFiles/BLE_TEST_7.dir/Core/Src/stm32f7xx_it.c.obj
 .ARM.attributes
                0x000002c6       0x34 CMakeFiles/BLE_TEST_7.dir/Core/Src/stm32f7xx_hal_msp.c.obj
 .ARM.attributes
                0x000002fa       0x34 CMakeFiles/BLE_TEST_7.dir/Drivers/STM32F7xx_HAL_Driver/Src/stm32f7xx_hal_cortex.c.obj
 .ARM.attributes
                0x0000032e       0x34 CMakeFiles/BLE_TEST_7.dir/Drivers/STM32F7xx_HAL_Driver/Src/stm32f7xx_hal_rcc.c.obj
 .ARM.attributes
                0x00000362       0x34 CMakeFiles/BLE_TEST_7.dir/Drivers/STM32F7xx_HAL_Driver/Src/stm32f7xx_hal_rcc_ex.c.obj
 .ARM.attributes
                0x00000396       0x34 CMakeFiles/BLE_TEST_7.dir/Drivers/STM32F7xx_HAL_Driver/Src/stm32f7xx_hal_gpio.c.obj
 .ARM.attributes
                0x000003ca       0x34 CMakeFiles/BLE_TEST_7.dir/Drivers/STM32F7xx_HAL_Driver/Src/stm32f7xx_hal_dma.c.obj
 .ARM.attributes
                0x000003fe       0x34 CMakeFiles/BLE_TEST_7.dir/Drivers/STM32F7xx_HAL_Driver/Src/stm32f7xx_hal_pwr.c.obj
 .ARM.attributes
                0x00000432       0x34 CMakeFiles/BLE_TEST_7.dir/Drivers/STM32F7xx_HAL_Driver/Src/stm32f7xx_hal.c.obj
 .ARM.attributes
                0x00000466       0x34 CMakeFiles/BLE_TEST_7.dir/Drivers/STM32F7xx_HAL_Driver/Src/stm32f7xx_hal_i2c.c.obj
 .ARM.attributes
                0x0000049a       0x34 CMakeFiles/BLE_TEST_7.dir/Drivers/STM32F7xx_HAL_Driver/Src/stm32f7xx_hal_i2c_ex.c.obj
 .ARM.attributes
                0x000004ce       0x34 CMakeFiles/BLE_TEST_7.dir/Drivers/STM32F7xx_HAL_Driver/Src/stm32f7xx_hal_eth.c.obj
 .ARM.attributes
                0x00000502       0x34 CMakeFiles/BLE_TEST_7.dir/Drivers/STM32F7xx_HAL_Driver/Src/stm32f7xx_hal_spi.c.obj
 .ARM.attributes
                0x00000536       0x34 CMakeFiles/BLE_TEST_7.dir/Drivers/STM32F7xx_HAL_Driver/Src/stm32f7xx_hal_uart.c.obj
 .ARM.attributes
                0x0000056a       0x34 CMakeFiles/BLE_TEST_7.dir/Drivers/STM32F7xx_HAL_Driver/Src/stm32f7xx_hal_pcd.c.obj
 .ARM.attributes
                0x0000059e       0x34 CMakeFiles/BLE_TEST_7.dir/Drivers/STM32F7xx_HAL_Driver/Src/stm32f7xx_hal_pcd_ex.c.obj
 .ARM.attributes
                0x000005d2       0x34 CMakeFiles/BLE_TEST_7.dir/Drivers/STM32F7xx_HAL_Driver/Src/stm32f7xx_ll_usb.c.obj
 .ARM.attributes
                0x00000606       0x34 CMakeFiles/BLE_TEST_7.dir/Core/Src/system_stm32f7xx.c.obj
 .ARM.attributes
                0x0000063a       0x34 CMakeFiles/BLE_TEST_7.dir/Core/Src/sysmem.c.obj
 .ARM.attributes
                0x0000066e       0x21 CMakeFiles/BLE_TEST_7.dir/startup_stm32f746xx.s.obj
 .ARM.attributes
                0x0000068f       0x22 /Applications/ArmGNUToolchain/14.2.rel1/arm-none-eabi/bin/../lib/gcc/arm-none-eabi/14.2.1/thumb/v7e-m+fp/hard/libgcc.a(_aeabi_uldivmod.o)
 .ARM.attributes
                0x000006b1       0x34 /Applications/ArmGNUToolchain/14.2.rel1/arm-none-eabi/bin/../lib/gcc/arm-none-eabi/14.2.1/thumb/v7e-m+fp/hard/libgcc.a(_udivmoddi4.o)
 .ARM.attributes
                0x000006e5       0x22 /Applications/ArmGNUToolchain/14.2.rel1/arm-none-eabi/bin/../lib/gcc/arm-none-eabi/14.2.1/thumb/v7e-m+fp/hard/libgcc.a(_dvmd_tls.o)
 .ARM.attributes
                0x00000707       0x34 /Applications/ArmGNUToolchain/14.2.rel1/arm-none-eabi/bin/../lib/gcc/arm-none-eabi/14.2.1/../../../../arm-none-eabi/lib/thumb/v7e-m+fp/hard/libg_nano.a(libc_a-vsnprintf.o)
 .ARM.attributes
                0x0000073b       0x34 /Applications/ArmGNUToolchain/14.2.rel1/arm-none-eabi/bin/../lib/gcc/arm-none-eabi/14.2.1/../../../../arm-none-eabi/lib/thumb/v7e-m+fp/hard/libg_nano.a(libc_a-errno.o)
 .ARM.attributes
                0x0000076f       0x17 /Applications/ArmGNUToolchain/14.2.rel1/arm-none-eabi/bin/../lib/gcc/arm-none-eabi/14.2.1/../../../../arm-none-eabi/lib/thumb/v7e-m+fp/hard/libg_nano.a(libc_a-strlen.o)
 .ARM.attributes
                0x00000786       0x34 /Applications/ArmGNUToolchain/14.2.rel1/arm-none-eabi/bin/../lib/gcc/arm-none-eabi/14.2.1/../../../../arm-none-eabi/lib/thumb/v7e-m+fp/hard/libg_nano.a(libc_a-nano-svfprintf.o)
 .ARM.attributes
                0x000007ba       0x34 /Applications/ArmGNUToolchain/14.2.rel1/arm-none-eabi/bin/../lib/gcc/arm-none-eabi/14.2.1/../../../../arm-none-eabi/lib/thumb/v7e-m+fp/hard/libg_nano.a(libc_a-nano-vfprintf_i.o)
 .ARM.attributes
                0x000007ee       0x34 /Applications/ArmGNUToolchain/14.2.rel1/arm-none-eabi/bin/../lib/gcc/arm-none-eabi/14.2.1/../../../../arm-none-eabi/lib/thumb/v7e-m+fp/hard/libg_nano.a(libc_a-reallocr.o)
 .ARM.attributes
                0x00000822       0x34 /Applications/ArmGNUToolchain/14.2.rel1/arm-none-eabi/bin/../lib/gcc/arm-none-eabi/14.2.1/../../../../arm-none-eabi/lib/thumb/v7e-m+fp/hard/libg_nano.a(libc_a-memmove.o)
 .ARM.attributes
                0x00000856       0x1c /Applications/ArmGNUToolchain/14.2.rel1/arm-none-eabi/bin/../lib/gcc/arm-none-eabi/14.2.1/../../../../arm-none-eabi/lib/thumb/v7e-m+fp/hard/libg_nano.a(libc_a-memchr.o)
 .ARM.attributes
                0x00000872       0x34 /Applications/ArmGNUToolchain/14.2.rel1/arm-none-eabi/bin/../lib/gcc/arm-none-eabi/14.2.1/../../../../arm-none-eabi/lib/thumb/v7e-m+fp/hard/libg_nano.a(libc_a-memcpy-stub.o)
 .ARM.attributes
                0x000008a6       0x34 /Applications/ArmGNUToolchain/14.2.rel1/arm-none-eabi/bin/../lib/gcc/arm-none-eabi/14.2.1/../../../../arm-none-eabi/lib/thumb/v7e-m+fp/hard/libg_nano.a(libc_a-msizer.o)
 .ARM.attributes
                0x000008da       0x34 /Applications/ArmGNUToolchain/14.2.rel1/arm-none-eabi/bin/../lib/gcc/arm-none-eabi/14.2.1/thumb/v7e-m+fp/hard/crtend.o
 .ARM.attributes
                0x0000090e       0x22 /Applications/ArmGNUToolchain/14.2.rel1/arm-none-eabi/bin/../lib/gcc/arm-none-eabi/14.2.1/thumb/v7e-m+fp/hard/crtn.o

.comment        0x00000000       0x45
 .comment       0x00000000       0x45 CMakeFiles/BLE_TEST_7.dir/Core/Src/main.c.obj
                                 0x46 (size before relaxing)
 .comment       0x00000045       0x46 CMakeFiles/BLE_TEST_7.dir/Core/Src/stm32f7xx_it.c.obj
 .comment       0x00000045       0x46 CMakeFiles/BLE_TEST_7.dir/Core/Src/stm32f7xx_hal_msp.c.obj
 .comment       0x00000045       0x46 CMakeFiles/BLE_TEST_7.dir/Drivers/STM32F7xx_HAL_Driver/Src/stm32f7xx_hal_cortex.c.obj
 .comment       0x00000045       0x46 CMakeFiles/BLE_TEST_7.dir/Drivers/STM32F7xx_HAL_Driver/Src/stm32f7xx_hal_rcc.c.obj
 .comment       0x00000045       0x46 CMakeFiles/BLE_TEST_7.dir/Drivers/STM32F7xx_HAL_Driver/Src/stm32f7xx_hal_rcc_ex.c.obj
 .comment       0x00000045       0x46 CMakeFiles/BLE_TEST_7.dir/Drivers/STM32F7xx_HAL_Driver/Src/stm32f7xx_hal_gpio.c.obj
 .comment       0x00000045       0x46 CMakeFiles/BLE_TEST_7.dir/Drivers/STM32F7xx_HAL_Driver/Src/stm32f7xx_hal_dma.c.obj
 .comment       0x00000045       0x46 CMakeFiles/BLE_TEST_7.dir/Drivers/STM32F7xx_HAL_Driver/Src/stm32f7xx_hal_pwr.c.obj
 .comment       0x00000045       0x46 CMakeFiles/BLE_TEST_7.dir/Drivers/STM32F7xx_HAL_Driver/Src/stm32f7xx_hal.c.obj
 .comment       0x00000045       0x46 CMakeFiles/BLE_TEST_7.dir/Drivers/STM32F7xx_HAL_Driver/Src/stm32f7xx_hal_i2c.c.obj
 .comment       0x00000045       0x46 CMakeFiles/BLE_TEST_7.dir/Drivers/STM32F7xx_HAL_Driver/Src/stm32f7xx_hal_i2c_ex.c.obj
 .comment       0x00000045       0x46 CMakeFiles/BLE_TEST_7.dir/Drivers/STM32F7xx_HAL_Driver/Src/stm32f7xx_hal_eth.c.obj
 .comment       0x00000045       0x46 CMakeFiles/BLE_TEST_7.dir/Drivers/STM32F7xx_HAL_Driver/Src/stm32f7xx_hal_spi.c.obj
 .comment       0x00000045       0x46 CMakeFiles/BLE_TEST_7.dir/Drivers/STM32F7xx_HAL_Driver/Src/stm32f7xx_hal_uart.c.obj
 .comment       0x00000045       0x46 CMakeFiles/BLE_TEST_7.dir/Drivers/STM32F7xx_HAL_Driver/Src/stm32f7xx_hal_pcd.c.obj
 .comment       0x00000045       0x46 CMakeFiles/BLE_TEST_7.dir/Drivers/STM32F7xx_HAL_Driver/Src/stm32f7xx_hal_pcd_ex.c.obj
 .comment       0x00000045       0x46 CMakeFiles/BLE_TEST_7.dir/Drivers/STM32F7xx_HAL_Driver/Src/stm32f7xx_ll_usb.c.obj
 .comment       0x00000045       0x46 CMakeFiles/BLE_TEST_7.dir/Core/Src/system_stm32f7xx.c.obj
 .comment       0x00000045       0x46 CMakeFiles/BLE_TEST_7.dir/Core/Src/sysmem.c.obj

.debug_frame    0x00000000     0x5420
 .debug_frame   0x00000000      0x144 /Applications/ArmGNUToolchain/14.2.rel1/arm-none-eabi/bin/../lib/gcc/arm-none-eabi/14.2.1/../../../../arm-none-eabi/lib/thumb/v7e-m+fp/hard/libc_nano.a(libc_a-findfp.o)
 .debug_frame   0x00000144       0x20 /Applications/ArmGNUToolchain/14.2.rel1/arm-none-eabi/bin/../lib/gcc/arm-none-eabi/14.2.1/../../../../arm-none-eabi/lib/thumb/v7e-m+fp/hard/libc_nano.a(libc_a-memset.o)
 .debug_frame   0x00000164       0x2c /Applications/ArmGNUToolchain/14.2.rel1/arm-none-eabi/bin/../lib/gcc/arm-none-eabi/14.2.1/../../../../arm-none-eabi/lib/thumb/v7e-m+fp/hard/libc_nano.a(libc_a-init.o)
 .debug_frame   0x00000190       0xb0 /Applications/ArmGNUToolchain/14.2.rel1/arm-none-eabi/bin/../lib/gcc/arm-none-eabi/14.2.1/../../../../arm-none-eabi/lib/thumb/v7e-m+fp/hard/libc_nano.a(libc_a-lock.o)
 .debug_frame   0x00000240       0x50 /Applications/ArmGNUToolchain/14.2.rel1/arm-none-eabi/bin/../lib/gcc/arm-none-eabi/14.2.1/../../../../arm-none-eabi/lib/thumb/v7e-m+fp/hard/libc_nano.a(libc_a-mallocr.o)
 .debug_frame   0x00000290       0x30 /Applications/ArmGNUToolchain/14.2.rel1/arm-none-eabi/bin/../lib/gcc/arm-none-eabi/14.2.1/../../../../arm-none-eabi/lib/thumb/v7e-m+fp/hard/libc_nano.a(libc_a-mlock.o)
 .debug_frame   0x000002c0       0x2c /Applications/ArmGNUToolchain/14.2.rel1/arm-none-eabi/bin/../lib/gcc/arm-none-eabi/14.2.1/../../../../arm-none-eabi/lib/thumb/v7e-m+fp/hard/libc_nano.a(libc_a-sbrkr.o)
 .debug_frame   0x000002ec       0x38 /Applications/ArmGNUToolchain/14.2.rel1/arm-none-eabi/bin/../lib/gcc/arm-none-eabi/14.2.1/../../../../arm-none-eabi/lib/thumb/v7e-m+fp/hard/libc_nano.a(libc_a-reent.o)
 .debug_frame   0x00000324       0x38 /Applications/ArmGNUToolchain/14.2.rel1/arm-none-eabi/bin/../lib/gcc/arm-none-eabi/14.2.1/../../../../arm-none-eabi/lib/thumb/v7e-m+fp/hard/libc_nano.a(libc_a-freer.o)
 .debug_frame   0x0000035c      0x24c CMakeFiles/BLE_TEST_7.dir/Core/Src/main.c.obj
 .debug_frame   0x000005a8      0x190 CMakeFiles/BLE_TEST_7.dir/Core/Src/stm32f7xx_it.c.obj
 .debug_frame   0x00000738      0x1ac CMakeFiles/BLE_TEST_7.dir/Core/Src/stm32f7xx_hal_msp.c.obj
 .debug_frame   0x000008e4      0x4e8 CMakeFiles/BLE_TEST_7.dir/Drivers/STM32F7xx_HAL_Driver/Src/stm32f7xx_hal_cortex.c.obj
 .debug_frame   0x00000dcc      0x1f8 CMakeFiles/BLE_TEST_7.dir/Drivers/STM32F7xx_HAL_Driver/Src/stm32f7xx_hal_rcc.c.obj
 .debug_frame   0x00000fc4      0x118 CMakeFiles/BLE_TEST_7.dir/Drivers/STM32F7xx_HAL_Driver/Src/stm32f7xx_hal_rcc_ex.c.obj
 .debug_frame   0x000010dc      0x14c CMakeFiles/BLE_TEST_7.dir/Drivers/STM32F7xx_HAL_Driver/Src/stm32f7xx_hal_gpio.c.obj
 .debug_frame   0x00001228      0x250 CMakeFiles/BLE_TEST_7.dir/Drivers/STM32F7xx_HAL_Driver/Src/stm32f7xx_hal_dma.c.obj
 .debug_frame   0x00001478      0x254 CMakeFiles/BLE_TEST_7.dir/Drivers/STM32F7xx_HAL_Driver/Src/stm32f7xx_hal_pwr.c.obj
 .debug_frame   0x000016cc      0x3b4 CMakeFiles/BLE_TEST_7.dir/Drivers/STM32F7xx_HAL_Driver/Src/stm32f7xx_hal.c.obj
 .debug_frame   0x00001a80      0xc38 CMakeFiles/BLE_TEST_7.dir/Drivers/STM32F7xx_HAL_Driver/Src/stm32f7xx_hal_i2c.c.obj
 .debug_frame   0x000026b8       0xb0 CMakeFiles/BLE_TEST_7.dir/Drivers/STM32F7xx_HAL_Driver/Src/stm32f7xx_hal_i2c_ex.c.obj
 .debug_frame   0x00002768      0x898 CMakeFiles/BLE_TEST_7.dir/Drivers/STM32F7xx_HAL_Driver/Src/stm32f7xx_hal_eth.c.obj
 .debug_frame   0x00003000      0x860 CMakeFiles/BLE_TEST_7.dir/Drivers/STM32F7xx_HAL_Driver/Src/stm32f7xx_hal_spi.c.obj
 .debug_frame   0x00003860      0x9e8 CMakeFiles/BLE_TEST_7.dir/Drivers/STM32F7xx_HAL_Driver/Src/stm32f7xx_hal_uart.c.obj
 .debug_frame   0x00004248      0x5b8 CMakeFiles/BLE_TEST_7.dir/Drivers/STM32F7xx_HAL_Driver/Src/stm32f7xx_hal_pcd.c.obj
 .debug_frame   0x00004800      0x100 CMakeFiles/BLE_TEST_7.dir/Drivers/STM32F7xx_HAL_Driver/Src/stm32f7xx_hal_pcd_ex.c.obj
 .debug_frame   0x00004900      0x7c0 CMakeFiles/BLE_TEST_7.dir/Drivers/STM32F7xx_HAL_Driver/Src/stm32f7xx_ll_usb.c.obj
 .debug_frame   0x000050c0       0x58 CMakeFiles/BLE_TEST_7.dir/Core/Src/system_stm32f7xx.c.obj
 .debug_frame   0x00005118       0x34 CMakeFiles/BLE_TEST_7.dir/Core/Src/sysmem.c.obj
 .debug_frame   0x0000514c       0x2c /Applications/ArmGNUToolchain/14.2.rel1/arm-none-eabi/bin/../lib/gcc/arm-none-eabi/14.2.1/thumb/v7e-m+fp/hard/libgcc.a(_aeabi_uldivmod.o)
 .debug_frame   0x00005178       0x34 /Applications/ArmGNUToolchain/14.2.rel1/arm-none-eabi/bin/../lib/gcc/arm-none-eabi/14.2.1/thumb/v7e-m+fp/hard/libgcc.a(_udivmoddi4.o)
 .debug_frame   0x000051ac       0x4c /Applications/ArmGNUToolchain/14.2.rel1/arm-none-eabi/bin/../lib/gcc/arm-none-eabi/14.2.1/../../../../arm-none-eabi/lib/thumb/v7e-m+fp/hard/libg_nano.a(libc_a-vsnprintf.o)
 .debug_frame   0x000051f8       0x20 /Applications/ArmGNUToolchain/14.2.rel1/arm-none-eabi/bin/../lib/gcc/arm-none-eabi/14.2.1/../../../../arm-none-eabi/lib/thumb/v7e-m+fp/hard/libg_nano.a(libc_a-errno.o)
 .debug_frame   0x00005218       0x20 /Applications/ArmGNUToolchain/14.2.rel1/arm-none-eabi/bin/../lib/gcc/arm-none-eabi/14.2.1/../../../../arm-none-eabi/lib/thumb/v7e-m+fp/hard/libg_nano.a(libc_a-strlen.o)
 .debug_frame   0x00005238       0x90 /Applications/ArmGNUToolchain/14.2.rel1/arm-none-eabi/bin/../lib/gcc/arm-none-eabi/14.2.1/../../../../arm-none-eabi/lib/thumb/v7e-m+fp/hard/libg_nano.a(libc_a-nano-svfprintf.o)
 .debug_frame   0x000052c8       0x60 /Applications/ArmGNUToolchain/14.2.rel1/arm-none-eabi/bin/../lib/gcc/arm-none-eabi/14.2.1/../../../../arm-none-eabi/lib/thumb/v7e-m+fp/hard/libg_nano.a(libc_a-nano-vfprintf_i.o)
 .debug_frame   0x00005328       0x3c /Applications/ArmGNUToolchain/14.2.rel1/arm-none-eabi/bin/../lib/gcc/arm-none-eabi/14.2.1/../../../../arm-none-eabi/lib/thumb/v7e-m+fp/hard/libg_nano.a(libc_a-reallocr.o)
 .debug_frame   0x00005364       0x28 /Applications/ArmGNUToolchain/14.2.rel1/arm-none-eabi/bin/../lib/gcc/arm-none-eabi/14.2.1/../../../../arm-none-eabi/lib/thumb/v7e-m+fp/hard/libg_nano.a(libc_a-memmove.o)
 .debug_frame   0x0000538c       0x4c /Applications/ArmGNUToolchain/14.2.rel1/arm-none-eabi/bin/../lib/gcc/arm-none-eabi/14.2.1/../../../../arm-none-eabi/lib/thumb/v7e-m+fp/hard/libg_nano.a(libc_a-memchr.o)
 .debug_frame   0x000053d8       0x28 /Applications/ArmGNUToolchain/14.2.rel1/arm-none-eabi/bin/../lib/gcc/arm-none-eabi/14.2.1/../../../../arm-none-eabi/lib/thumb/v7e-m+fp/hard/libg_nano.a(libc_a-memcpy-stub.o)
 .debug_frame   0x00005400       0x20 /Applications/ArmGNUToolchain/14.2.rel1/arm-none-eabi/bin/../lib/gcc/arm-none-eabi/14.2.1/../../../../arm-none-eabi/lib/thumb/v7e-m+fp/hard/libg_nano.a(libc_a-msizer.o)

.debug_info     0x00000000    0x177ec
 .debug_info    0x00000000     0x2a35 CMakeFiles/BLE_TEST_7.dir/Core/Src/main.c.obj
 .debug_info    0x00002a35      0xa44 CMakeFiles/BLE_TEST_7.dir/Core/Src/stm32f7xx_it.c.obj
 .debug_info    0x00003479     0x259c CMakeFiles/BLE_TEST_7.dir/Core/Src/stm32f7xx_hal_msp.c.obj
 .debug_info    0x00005a15      0xf7e CMakeFiles/BLE_TEST_7.dir/Drivers/STM32F7xx_HAL_Driver/Src/stm32f7xx_hal_cortex.c.obj
 .debug_info    0x00006993      0x8dc CMakeFiles/BLE_TEST_7.dir/Drivers/STM32F7xx_HAL_Driver/Src/stm32f7xx_hal_rcc.c.obj
 .debug_info    0x0000726f      0x6bd CMakeFiles/BLE_TEST_7.dir/Drivers/STM32F7xx_HAL_Driver/Src/stm32f7xx_hal_rcc_ex.c.obj
 .debug_info    0x0000792c      0x6e7 CMakeFiles/BLE_TEST_7.dir/Drivers/STM32F7xx_HAL_Driver/Src/stm32f7xx_hal_gpio.c.obj
 .debug_info    0x00008013      0x8e7 CMakeFiles/BLE_TEST_7.dir/Drivers/STM32F7xx_HAL_Driver/Src/stm32f7xx_hal_dma.c.obj
 .debug_info    0x000088fa      0x90e CMakeFiles/BLE_TEST_7.dir/Drivers/STM32F7xx_HAL_Driver/Src/stm32f7xx_hal_pwr.c.obj
 .debug_info    0x00009208      0x9d8 CMakeFiles/BLE_TEST_7.dir/Drivers/STM32F7xx_HAL_Driver/Src/stm32f7xx_hal.c.obj
 .debug_info    0x00009be0     0x2138 CMakeFiles/BLE_TEST_7.dir/Drivers/STM32F7xx_HAL_Driver/Src/stm32f7xx_hal_i2c.c.obj
 .debug_info    0x0000bd18      0x922 CMakeFiles/BLE_TEST_7.dir/Drivers/STM32F7xx_HAL_Driver/Src/stm32f7xx_hal_i2c_ex.c.obj
 .debug_info    0x0000c63a     0x2180 CMakeFiles/BLE_TEST_7.dir/Drivers/STM32F7xx_HAL_Driver/Src/stm32f7xx_hal_eth.c.obj
 .debug_info    0x0000e7ba     0x169b CMakeFiles/BLE_TEST_7.dir/Drivers/STM32F7xx_HAL_Driver/Src/stm32f7xx_hal_spi.c.obj
 .debug_info    0x0000fe55     0x39da CMakeFiles/BLE_TEST_7.dir/Drivers/STM32F7xx_HAL_Driver/Src/stm32f7xx_hal_uart.c.obj
 .debug_info    0x0001382f     0x1599 CMakeFiles/BLE_TEST_7.dir/Drivers/STM32F7xx_HAL_Driver/Src/stm32f7xx_hal_pcd.c.obj
 .debug_info    0x00014dc8      0x7a3 CMakeFiles/BLE_TEST_7.dir/Drivers/STM32F7xx_HAL_Driver/Src/stm32f7xx_hal_pcd_ex.c.obj
 .debug_info    0x0001556b     0x19fc CMakeFiles/BLE_TEST_7.dir/Drivers/STM32F7xx_HAL_Driver/Src/stm32f7xx_ll_usb.c.obj
 .debug_info    0x00016f67      0x6ed CMakeFiles/BLE_TEST_7.dir/Core/Src/system_stm32f7xx.c.obj
 .debug_info    0x00017654      0x168 CMakeFiles/BLE_TEST_7.dir/Core/Src/sysmem.c.obj
 .debug_info    0x000177bc       0x30 CMakeFiles/BLE_TEST_7.dir/startup_stm32f746xx.s.obj

.debug_abbrev   0x00000000     0x2d8d
 .debug_abbrev  0x00000000      0x3a8 CMakeFiles/BLE_TEST_7.dir/Core/Src/main.c.obj
 .debug_abbrev  0x000003a8      0x19f CMakeFiles/BLE_TEST_7.dir/Core/Src/stm32f7xx_it.c.obj
 .debug_abbrev  0x00000547      0x2bc CMakeFiles/BLE_TEST_7.dir/Core/Src/stm32f7xx_hal_msp.c.obj
 .debug_abbrev  0x00000803      0x31e CMakeFiles/BLE_TEST_7.dir/Drivers/STM32F7xx_HAL_Driver/Src/stm32f7xx_hal_cortex.c.obj
 .debug_abbrev  0x00000b21      0x288 CMakeFiles/BLE_TEST_7.dir/Drivers/STM32F7xx_HAL_Driver/Src/stm32f7xx_hal_rcc.c.obj
 .debug_abbrev  0x00000da9      0x1c9 CMakeFiles/BLE_TEST_7.dir/Drivers/STM32F7xx_HAL_Driver/Src/stm32f7xx_hal_rcc_ex.c.obj
 .debug_abbrev  0x00000f72      0x1d4 CMakeFiles/BLE_TEST_7.dir/Drivers/STM32F7xx_HAL_Driver/Src/stm32f7xx_hal_gpio.c.obj
 .debug_abbrev  0x00001146      0x264 CMakeFiles/BLE_TEST_7.dir/Drivers/STM32F7xx_HAL_Driver/Src/stm32f7xx_hal_dma.c.obj
 .debug_abbrev  0x000013aa      0x1c5 CMakeFiles/BLE_TEST_7.dir/Drivers/STM32F7xx_HAL_Driver/Src/stm32f7xx_hal_pwr.c.obj
 .debug_abbrev  0x0000156f      0x213 CMakeFiles/BLE_TEST_7.dir/Drivers/STM32F7xx_HAL_Driver/Src/stm32f7xx_hal.c.obj
 .debug_abbrev  0x00001782      0x260 CMakeFiles/BLE_TEST_7.dir/Drivers/STM32F7xx_HAL_Driver/Src/stm32f7xx_hal_i2c.c.obj
 .debug_abbrev  0x000019e2      0x19c CMakeFiles/BLE_TEST_7.dir/Drivers/STM32F7xx_HAL_Driver/Src/stm32f7xx_hal_i2c_ex.c.obj
 .debug_abbrev  0x00001b7e      0x35a CMakeFiles/BLE_TEST_7.dir/Drivers/STM32F7xx_HAL_Driver/Src/stm32f7xx_hal_eth.c.obj
 .debug_abbrev  0x00001ed8      0x269 CMakeFiles/BLE_TEST_7.dir/Drivers/STM32F7xx_HAL_Driver/Src/stm32f7xx_hal_spi.c.obj
 .debug_abbrev  0x00002141      0x2e6 CMakeFiles/BLE_TEST_7.dir/Drivers/STM32F7xx_HAL_Driver/Src/stm32f7xx_hal_uart.c.obj
 .debug_abbrev  0x00002427      0x2ee CMakeFiles/BLE_TEST_7.dir/Drivers/STM32F7xx_HAL_Driver/Src/stm32f7xx_hal_pcd.c.obj
 .debug_abbrev  0x00002715      0x1ca CMakeFiles/BLE_TEST_7.dir/Drivers/STM32F7xx_HAL_Driver/Src/stm32f7xx_hal_pcd_ex.c.obj
 .debug_abbrev  0x000028df      0x293 CMakeFiles/BLE_TEST_7.dir/Drivers/STM32F7xx_HAL_Driver/Src/stm32f7xx_ll_usb.c.obj
 .debug_abbrev  0x00002b72      0x13b CMakeFiles/BLE_TEST_7.dir/Core/Src/system_stm32f7xx.c.obj
 .debug_abbrev  0x00002cad       0xbc CMakeFiles/BLE_TEST_7.dir/Core/Src/sysmem.c.obj
 .debug_abbrev  0x00002d69       0x24 CMakeFiles/BLE_TEST_7.dir/startup_stm32f746xx.s.obj

.debug_aranges  0x00000000     0x1278
 .debug_aranges
                0x00000000       0xa0 CMakeFiles/BLE_TEST_7.dir/Core/Src/main.c.obj
 .debug_aranges
                0x000000a0       0x88 CMakeFiles/BLE_TEST_7.dir/Core/Src/stm32f7xx_it.c.obj
 .debug_aranges
                0x00000128       0x70 CMakeFiles/BLE_TEST_7.dir/Core/Src/stm32f7xx_hal_msp.c.obj
 .debug_aranges
                0x00000198      0x128 CMakeFiles/BLE_TEST_7.dir/Drivers/STM32F7xx_HAL_Driver/Src/stm32f7xx_hal_cortex.c.obj
 .debug_aranges
                0x000002c0       0x88 CMakeFiles/BLE_TEST_7.dir/Drivers/STM32F7xx_HAL_Driver/Src/stm32f7xx_hal_rcc.c.obj
 .debug_aranges
                0x00000348       0x50 CMakeFiles/BLE_TEST_7.dir/Drivers/STM32F7xx_HAL_Driver/Src/stm32f7xx_hal_rcc_ex.c.obj
 .debug_aranges
                0x00000398       0x58 CMakeFiles/BLE_TEST_7.dir/Drivers/STM32F7xx_HAL_Driver/Src/stm32f7xx_hal_gpio.c.obj
 .debug_aranges
                0x000003f0       0x90 CMakeFiles/BLE_TEST_7.dir/Drivers/STM32F7xx_HAL_Driver/Src/stm32f7xx_hal_dma.c.obj
 .debug_aranges
                0x00000480       0xa0 CMakeFiles/BLE_TEST_7.dir/Drivers/STM32F7xx_HAL_Driver/Src/stm32f7xx_hal_pwr.c.obj
 .debug_aranges
                0x00000520      0x100 CMakeFiles/BLE_TEST_7.dir/Drivers/STM32F7xx_HAL_Driver/Src/stm32f7xx_hal.c.obj
 .debug_aranges
                0x00000620      0x2a0 CMakeFiles/BLE_TEST_7.dir/Drivers/STM32F7xx_HAL_Driver/Src/stm32f7xx_hal_i2c.c.obj
 .debug_aranges
                0x000008c0       0x38 CMakeFiles/BLE_TEST_7.dir/Drivers/STM32F7xx_HAL_Driver/Src/stm32f7xx_hal_i2c_ex.c.obj
 .debug_aranges
                0x000008f8      0x1e0 CMakeFiles/BLE_TEST_7.dir/Drivers/STM32F7xx_HAL_Driver/Src/stm32f7xx_hal_eth.c.obj
 .debug_aranges
                0x00000ad8      0x1d8 CMakeFiles/BLE_TEST_7.dir/Drivers/STM32F7xx_HAL_Driver/Src/stm32f7xx_hal_spi.c.obj
 .debug_aranges
                0x00000cb0      0x228 CMakeFiles/BLE_TEST_7.dir/Drivers/STM32F7xx_HAL_Driver/Src/stm32f7xx_hal_uart.c.obj
 .debug_aranges
                0x00000ed8      0x148 CMakeFiles/BLE_TEST_7.dir/Drivers/STM32F7xx_HAL_Driver/Src/stm32f7xx_hal_pcd.c.obj
 .debug_aranges
                0x00001020       0x48 CMakeFiles/BLE_TEST_7.dir/Drivers/STM32F7xx_HAL_Driver/Src/stm32f7xx_hal_pcd_ex.c.obj
 .debug_aranges
                0x00001068      0x1a0 CMakeFiles/BLE_TEST_7.dir/Drivers/STM32F7xx_HAL_Driver/Src/stm32f7xx_ll_usb.c.obj
 .debug_aranges
                0x00001208       0x28 CMakeFiles/BLE_TEST_7.dir/Core/Src/system_stm32f7xx.c.obj
 .debug_aranges
                0x00001230       0x20 CMakeFiles/BLE_TEST_7.dir/Core/Src/sysmem.c.obj
 .debug_aranges
                0x00001250       0x28 CMakeFiles/BLE_TEST_7.dir/startup_stm32f746xx.s.obj

.debug_rnglists
                0x00000000      0xe63
 .debug_rnglists
                0x00000000       0x7b CMakeFiles/BLE_TEST_7.dir/Core/Src/main.c.obj
 .debug_rnglists
                0x0000007b       0x61 CMakeFiles/BLE_TEST_7.dir/Core/Src/stm32f7xx_it.c.obj
 .debug_rnglists
                0x000000dc       0x55 CMakeFiles/BLE_TEST_7.dir/Core/Src/stm32f7xx_hal_msp.c.obj
 .debug_rnglists
                0x00000131       0xda CMakeFiles/BLE_TEST_7.dir/Drivers/STM32F7xx_HAL_Driver/Src/stm32f7xx_hal_cortex.c.obj
 .debug_rnglists
                0x0000020b       0x67 CMakeFiles/BLE_TEST_7.dir/Drivers/STM32F7xx_HAL_Driver/Src/stm32f7xx_hal_rcc.c.obj
 .debug_rnglists
                0x00000272       0x3c CMakeFiles/BLE_TEST_7.dir/Drivers/STM32F7xx_HAL_Driver/Src/stm32f7xx_hal_rcc_ex.c.obj
 .debug_rnglists
                0x000002ae       0x3f CMakeFiles/BLE_TEST_7.dir/Drivers/STM32F7xx_HAL_Driver/Src/stm32f7xx_hal_gpio.c.obj
 .debug_rnglists
                0x000002ed       0x70 CMakeFiles/BLE_TEST_7.dir/Drivers/STM32F7xx_HAL_Driver/Src/stm32f7xx_hal_dma.c.obj
 .debug_rnglists
                0x0000035d       0x74 CMakeFiles/BLE_TEST_7.dir/Drivers/STM32F7xx_HAL_Driver/Src/stm32f7xx_hal_pwr.c.obj
 .debug_rnglists
                0x000003d1       0xbb CMakeFiles/BLE_TEST_7.dir/Drivers/STM32F7xx_HAL_Driver/Src/stm32f7xx_hal.c.obj
 .debug_rnglists
                0x0000048c      0x228 CMakeFiles/BLE_TEST_7.dir/Drivers/STM32F7xx_HAL_Driver/Src/stm32f7xx_hal_i2c.c.obj
 .debug_rnglists
                0x000006b4       0x27 CMakeFiles/BLE_TEST_7.dir/Drivers/STM32F7xx_HAL_Driver/Src/stm32f7xx_hal_i2c_ex.c.obj
 .debug_rnglists
                0x000006db      0x17d CMakeFiles/BLE_TEST_7.dir/Drivers/STM32F7xx_HAL_Driver/Src/stm32f7xx_hal_eth.c.obj
 .debug_rnglists
                0x00000858      0x178 CMakeFiles/BLE_TEST_7.dir/Drivers/STM32F7xx_HAL_Driver/Src/stm32f7xx_hal_spi.c.obj
 .debug_rnglists
                0x000009d0      0x1da CMakeFiles/BLE_TEST_7.dir/Drivers/STM32F7xx_HAL_Driver/Src/stm32f7xx_hal_uart.c.obj
 .debug_rnglists
                0x00000baa       0xfa CMakeFiles/BLE_TEST_7.dir/Drivers/STM32F7xx_HAL_Driver/Src/stm32f7xx_hal_pcd.c.obj
 .debug_rnglists
                0x00000ca4       0x32 CMakeFiles/BLE_TEST_7.dir/Drivers/STM32F7xx_HAL_Driver/Src/stm32f7xx_hal_pcd_ex.c.obj
 .debug_rnglists
                0x00000cd6      0x147 CMakeFiles/BLE_TEST_7.dir/Drivers/STM32F7xx_HAL_Driver/Src/stm32f7xx_ll_usb.c.obj
 .debug_rnglists
                0x00000e1d       0x1a CMakeFiles/BLE_TEST_7.dir/Core/Src/system_stm32f7xx.c.obj
 .debug_rnglists
                0x00000e37       0x13 CMakeFiles/BLE_TEST_7.dir/Core/Src/sysmem.c.obj
 .debug_rnglists
                0x00000e4a       0x19 CMakeFiles/BLE_TEST_7.dir/startup_stm32f746xx.s.obj

.debug_macro    0x00000000    0x27a15
 .debug_macro   0x00000000      0x37a CMakeFiles/BLE_TEST_7.dir/Core/Src/main.c.obj
 .debug_macro   0x0000037a      0xad8 CMakeFiles/BLE_TEST_7.dir/Core/Src/main.c.obj
 .debug_macro   0x00000e52       0x22 CMakeFiles/BLE_TEST_7.dir/Core/Src/main.c.obj
 .debug_macro   0x00000e74       0x75 CMakeFiles/BLE_TEST_7.dir/Core/Src/main.c.obj
 .debug_macro   0x00000ee9       0x2a CMakeFiles/BLE_TEST_7.dir/Core/Src/main.c.obj
 .debug_macro   0x00000f13       0x94 CMakeFiles/BLE_TEST_7.dir/Core/Src/main.c.obj
 .debug_macro   0x00000fa7       0x3c CMakeFiles/BLE_TEST_7.dir/Core/Src/main.c.obj
 .debug_macro   0x00000fe3       0x34 CMakeFiles/BLE_TEST_7.dir/Core/Src/main.c.obj
 .debug_macro   0x00001017      0x190 CMakeFiles/BLE_TEST_7.dir/Core/Src/main.c.obj
 .debug_macro   0x000011a7       0x57 CMakeFiles/BLE_TEST_7.dir/Core/Src/main.c.obj
 .debug_macro   0x000011fe      0x364 CMakeFiles/BLE_TEST_7.dir/Core/Src/main.c.obj
 .debug_macro   0x00001562       0x16 CMakeFiles/BLE_TEST_7.dir/Core/Src/main.c.obj
 .debug_macro   0x00001578       0x4a CMakeFiles/BLE_TEST_7.dir/Core/Src/main.c.obj
 .debug_macro   0x000015c2       0x34 CMakeFiles/BLE_TEST_7.dir/Core/Src/main.c.obj
 .debug_macro   0x000015f6       0x10 CMakeFiles/BLE_TEST_7.dir/Core/Src/main.c.obj
 .debug_macro   0x00001606       0x58 CMakeFiles/BLE_TEST_7.dir/Core/Src/main.c.obj
 .debug_macro   0x0000165e      0x1e5 CMakeFiles/BLE_TEST_7.dir/Core/Src/main.c.obj
 .debug_macro   0x00001843       0x10 CMakeFiles/BLE_TEST_7.dir/Core/Src/main.c.obj
 .debug_macro   0x00001853       0x3c CMakeFiles/BLE_TEST_7.dir/Core/Src/main.c.obj
 .debug_macro   0x0000188f       0x58 CMakeFiles/BLE_TEST_7.dir/Core/Src/main.c.obj
 .debug_macro   0x000018e7       0x1c CMakeFiles/BLE_TEST_7.dir/Core/Src/main.c.obj
 .debug_macro   0x00001903       0x1c CMakeFiles/BLE_TEST_7.dir/Core/Src/main.c.obj
 .debug_macro   0x0000191f       0x16 CMakeFiles/BLE_TEST_7.dir/Core/Src/main.c.obj
 .debug_macro   0x00001935      0x170 CMakeFiles/BLE_TEST_7.dir/Core/Src/main.c.obj
 .debug_macro   0x00001aa5      0x29f CMakeFiles/BLE_TEST_7.dir/Core/Src/main.c.obj
 .debug_macro   0x00001d44       0x2e CMakeFiles/BLE_TEST_7.dir/Core/Src/main.c.obj
 .debug_macro   0x00001d72       0x3b CMakeFiles/BLE_TEST_7.dir/Core/Src/main.c.obj
 .debug_macro   0x00001dad      0x103 CMakeFiles/BLE_TEST_7.dir/Core/Src/main.c.obj
 .debug_macro   0x00001eb0       0x6a CMakeFiles/BLE_TEST_7.dir/Core/Src/main.c.obj
 .debug_macro   0x00001f1a      0x1df CMakeFiles/BLE_TEST_7.dir/Core/Src/main.c.obj
 .debug_macro   0x000020f9       0x1c CMakeFiles/BLE_TEST_7.dir/Core/Src/main.c.obj
 .debug_macro   0x00002115       0x22 CMakeFiles/BLE_TEST_7.dir/Core/Src/main.c.obj
 .debug_macro   0x00002137       0xd9 CMakeFiles/BLE_TEST_7.dir/Core/Src/main.c.obj
 .debug_macro   0x00002210     0x12cd CMakeFiles/BLE_TEST_7.dir/Core/Src/main.c.obj
 .debug_macro   0x000034dd      0x11f CMakeFiles/BLE_TEST_7.dir/Core/Src/main.c.obj
 .debug_macro   0x000035fc       0x19 CMakeFiles/BLE_TEST_7.dir/Core/Src/main.c.obj
 .debug_macro   0x00003615    0x19222 CMakeFiles/BLE_TEST_7.dir/Core/Src/main.c.obj
 .debug_macro   0x0001c837       0x6d CMakeFiles/BLE_TEST_7.dir/Core/Src/main.c.obj
 .debug_macro   0x0001c8a4     0x3765 CMakeFiles/BLE_TEST_7.dir/Core/Src/main.c.obj
 .debug_macro   0x00020009       0x5d CMakeFiles/BLE_TEST_7.dir/Core/Src/main.c.obj
 .debug_macro   0x00020066     0x18ad CMakeFiles/BLE_TEST_7.dir/Core/Src/main.c.obj
 .debug_macro   0x00021913      0x6c4 CMakeFiles/BLE_TEST_7.dir/Core/Src/main.c.obj
 .debug_macro   0x00021fd7      0x185 CMakeFiles/BLE_TEST_7.dir/Core/Src/main.c.obj
 .debug_macro   0x0002215c      0x115 CMakeFiles/BLE_TEST_7.dir/Core/Src/main.c.obj
 .debug_macro   0x00022271      0x1fd CMakeFiles/BLE_TEST_7.dir/Core/Src/main.c.obj
 .debug_macro   0x0002246e       0xa5 CMakeFiles/BLE_TEST_7.dir/Core/Src/main.c.obj
 .debug_macro   0x00022513      0x24f CMakeFiles/BLE_TEST_7.dir/Core/Src/main.c.obj
 .debug_macro   0x00022762       0x41 CMakeFiles/BLE_TEST_7.dir/Core/Src/main.c.obj
 .debug_macro   0x000227a3       0x58 CMakeFiles/BLE_TEST_7.dir/Core/Src/main.c.obj
 .debug_macro   0x000227fb      0x236 CMakeFiles/BLE_TEST_7.dir/Core/Src/main.c.obj
 .debug_macro   0x00022a31      0xb99 CMakeFiles/BLE_TEST_7.dir/Core/Src/main.c.obj
 .debug_macro   0x000235ca      0x14e CMakeFiles/BLE_TEST_7.dir/Core/Src/main.c.obj
 .debug_macro   0x00023718      0x25a CMakeFiles/BLE_TEST_7.dir/Core/Src/main.c.obj
 .debug_macro   0x00023972       0x12 CMakeFiles/BLE_TEST_7.dir/Core/Src/main.c.obj
 .debug_macro   0x00023984      0x22c CMakeFiles/BLE_TEST_7.dir/Core/Src/main.c.obj
 .debug_macro   0x00023bb0       0x61 CMakeFiles/BLE_TEST_7.dir/Core/Src/main.c.obj
 .debug_macro   0x00023c11       0xa5 CMakeFiles/BLE_TEST_7.dir/Core/Src/main.c.obj
 .debug_macro   0x00023cb6      0x12e CMakeFiles/BLE_TEST_7.dir/Core/Src/main.c.obj
 .debug_macro   0x00023de4      0x108 CMakeFiles/BLE_TEST_7.dir/Core/Src/main.c.obj
 .debug_macro   0x00023eec       0x35 CMakeFiles/BLE_TEST_7.dir/Core/Src/main.c.obj
 .debug_macro   0x00023f21      0x2fe CMakeFiles/BLE_TEST_7.dir/Core/Src/main.c.obj
 .debug_macro   0x0002421f      0x56d CMakeFiles/BLE_TEST_7.dir/Core/Src/main.c.obj
 .debug_macro   0x0002478c       0x44 CMakeFiles/BLE_TEST_7.dir/Core/Src/main.c.obj
 .debug_macro   0x000247d0      0x2cb CMakeFiles/BLE_TEST_7.dir/Core/Src/main.c.obj
 .debug_macro   0x00024a9b       0xba CMakeFiles/BLE_TEST_7.dir/Core/Src/main.c.obj
 .debug_macro   0x00024b55      0x14d CMakeFiles/BLE_TEST_7.dir/Core/Src/main.c.obj
 .debug_macro   0x00024ca2      0x13c CMakeFiles/BLE_TEST_7.dir/Core/Src/main.c.obj
 .debug_macro   0x00024dde      0x22a CMakeFiles/BLE_TEST_7.dir/Core/Src/stm32f7xx_it.c.obj
 .debug_macro   0x00025008       0x8e CMakeFiles/BLE_TEST_7.dir/Core/Src/stm32f7xx_it.c.obj
 .debug_macro   0x00025096       0x51 CMakeFiles/BLE_TEST_7.dir/Core/Src/stm32f7xx_it.c.obj
 .debug_macro   0x000250e7       0x63 CMakeFiles/BLE_TEST_7.dir/Core/Src/stm32f7xx_it.c.obj
 .debug_macro   0x0002514a      0x220 CMakeFiles/BLE_TEST_7.dir/Core/Src/stm32f7xx_hal_msp.c.obj
 .debug_macro   0x0002536a      0x211 CMakeFiles/BLE_TEST_7.dir/Drivers/STM32F7xx_HAL_Driver/Src/stm32f7xx_hal_cortex.c.obj
 .debug_macro   0x0002557b      0x235 CMakeFiles/BLE_TEST_7.dir/Drivers/STM32F7xx_HAL_Driver/Src/stm32f7xx_hal_rcc.c.obj
 .debug_macro   0x000257b0      0x211 CMakeFiles/BLE_TEST_7.dir/Drivers/STM32F7xx_HAL_Driver/Src/stm32f7xx_hal_rcc_ex.c.obj
 .debug_macro   0x000259c1      0x217 CMakeFiles/BLE_TEST_7.dir/Drivers/STM32F7xx_HAL_Driver/Src/stm32f7xx_hal_gpio.c.obj
 .debug_macro   0x00025bd8      0x217 CMakeFiles/BLE_TEST_7.dir/Drivers/STM32F7xx_HAL_Driver/Src/stm32f7xx_hal_dma.c.obj
 .debug_macro   0x00025def      0x22f CMakeFiles/BLE_TEST_7.dir/Drivers/STM32F7xx_HAL_Driver/Src/stm32f7xx_hal_pwr.c.obj
 .debug_macro   0x0002601e      0x235 CMakeFiles/BLE_TEST_7.dir/Drivers/STM32F7xx_HAL_Driver/Src/stm32f7xx_hal.c.obj
 .debug_macro   0x00026253      0x2dd CMakeFiles/BLE_TEST_7.dir/Drivers/STM32F7xx_HAL_Driver/Src/stm32f7xx_hal_i2c.c.obj
 .debug_macro   0x00026530      0x211 CMakeFiles/BLE_TEST_7.dir/Drivers/STM32F7xx_HAL_Driver/Src/stm32f7xx_hal_i2c_ex.c.obj
 .debug_macro   0x00026741      0x2eb CMakeFiles/BLE_TEST_7.dir/Drivers/STM32F7xx_HAL_Driver/Src/stm32f7xx_hal_eth.c.obj
 .debug_macro   0x00026a2c      0x220 CMakeFiles/BLE_TEST_7.dir/Drivers/STM32F7xx_HAL_Driver/Src/stm32f7xx_hal_spi.c.obj
 .debug_macro   0x00026c4c      0x22e CMakeFiles/BLE_TEST_7.dir/Drivers/STM32F7xx_HAL_Driver/Src/stm32f7xx_hal_uart.c.obj
 .debug_macro   0x00026e7a      0x21d CMakeFiles/BLE_TEST_7.dir/Drivers/STM32F7xx_HAL_Driver/Src/stm32f7xx_hal_pcd.c.obj
 .debug_macro   0x00027097      0x211 CMakeFiles/BLE_TEST_7.dir/Drivers/STM32F7xx_HAL_Driver/Src/stm32f7xx_hal_pcd_ex.c.obj
 .debug_macro   0x000272a8      0x211 CMakeFiles/BLE_TEST_7.dir/Drivers/STM32F7xx_HAL_Driver/Src/stm32f7xx_ll_usb.c.obj
 .debug_macro   0x000274b9      0x211 CMakeFiles/BLE_TEST_7.dir/Core/Src/system_stm32f7xx.c.obj
 .debug_macro   0x000276ca       0xff CMakeFiles/BLE_TEST_7.dir/Core/Src/sysmem.c.obj
 .debug_macro   0x000277c9       0x10 CMakeFiles/BLE_TEST_7.dir/Core/Src/sysmem.c.obj
 .debug_macro   0x000277d9      0x23c CMakeFiles/BLE_TEST_7.dir/Core/Src/sysmem.c.obj

.debug_line     0x00000000    0x163f6
 .debug_line    0x00000000      0xc3f CMakeFiles/BLE_TEST_7.dir/Core/Src/main.c.obj
 .debug_line    0x00000c3f      0x85f CMakeFiles/BLE_TEST_7.dir/Core/Src/stm32f7xx_it.c.obj
 .debug_line    0x0000149e      0xa12 CMakeFiles/BLE_TEST_7.dir/Core/Src/stm32f7xx_hal_msp.c.obj
 .debug_line    0x00001eb0      0xcdf CMakeFiles/BLE_TEST_7.dir/Drivers/STM32F7xx_HAL_Driver/Src/stm32f7xx_hal_cortex.c.obj
 .debug_line    0x00002b8f      0xf54 CMakeFiles/BLE_TEST_7.dir/Drivers/STM32F7xx_HAL_Driver/Src/stm32f7xx_hal_rcc.c.obj
 .debug_line    0x00003ae3      0xe90 CMakeFiles/BLE_TEST_7.dir/Drivers/STM32F7xx_HAL_Driver/Src/stm32f7xx_hal_rcc_ex.c.obj
 .debug_line    0x00004973      0xbb9 CMakeFiles/BLE_TEST_7.dir/Drivers/STM32F7xx_HAL_Driver/Src/stm32f7xx_hal_gpio.c.obj
 .debug_line    0x0000552c      0xfaa CMakeFiles/BLE_TEST_7.dir/Drivers/STM32F7xx_HAL_Driver/Src/stm32f7xx_hal_dma.c.obj
 .debug_line    0x000064d6      0x95f CMakeFiles/BLE_TEST_7.dir/Drivers/STM32F7xx_HAL_Driver/Src/stm32f7xx_hal_pwr.c.obj
 .debug_line    0x00006e35      0xa5f CMakeFiles/BLE_TEST_7.dir/Drivers/STM32F7xx_HAL_Driver/Src/stm32f7xx_hal.c.obj
 .debug_line    0x00007894     0x3771 CMakeFiles/BLE_TEST_7.dir/Drivers/STM32F7xx_HAL_Driver/Src/stm32f7xx_hal_i2c.c.obj
 .debug_line    0x0000b005      0x80a CMakeFiles/BLE_TEST_7.dir/Drivers/STM32F7xx_HAL_Driver/Src/stm32f7xx_hal_i2c_ex.c.obj
 .debug_line    0x0000b80f     0x1a27 CMakeFiles/BLE_TEST_7.dir/Drivers/STM32F7xx_HAL_Driver/Src/stm32f7xx_hal_eth.c.obj
 .debug_line    0x0000d236     0x20c3 CMakeFiles/BLE_TEST_7.dir/Drivers/STM32F7xx_HAL_Driver/Src/stm32f7xx_hal_spi.c.obj
 .debug_line    0x0000f2f9     0x2c4e CMakeFiles/BLE_TEST_7.dir/Drivers/STM32F7xx_HAL_Driver/Src/stm32f7xx_hal_uart.c.obj
 .debug_line    0x00011f47     0x142a CMakeFiles/BLE_TEST_7.dir/Drivers/STM32F7xx_HAL_Driver/Src/stm32f7xx_hal_pcd.c.obj
 .debug_line    0x00013371      0x84a CMakeFiles/BLE_TEST_7.dir/Drivers/STM32F7xx_HAL_Driver/Src/stm32f7xx_hal_pcd_ex.c.obj
 .debug_line    0x00013bbb     0x1d27 CMakeFiles/BLE_TEST_7.dir/Drivers/STM32F7xx_HAL_Driver/Src/stm32f7xx_ll_usb.c.obj
 .debug_line    0x000158e2      0x7bb CMakeFiles/BLE_TEST_7.dir/Core/Src/system_stm32f7xx.c.obj
 .debug_line    0x0001609d      0x2df CMakeFiles/BLE_TEST_7.dir/Core/Src/sysmem.c.obj
 .debug_line    0x0001637c       0x7a CMakeFiles/BLE_TEST_7.dir/startup_stm32f746xx.s.obj

.debug_str      0x00000000    0xf1dd4
 .debug_str     0x00000000    0xf1dd4 CMakeFiles/BLE_TEST_7.dir/Core/Src/main.c.obj
                              0xecb48 (size before relaxing)
 .debug_str     0x000f1dd4    0xe7f67 CMakeFiles/BLE_TEST_7.dir/Core/Src/stm32f7xx_it.c.obj
 .debug_str     0x000f1dd4    0xe949d CMakeFiles/BLE_TEST_7.dir/Core/Src/stm32f7xx_hal_msp.c.obj
 .debug_str     0x000f1dd4    0xe7f00 CMakeFiles/BLE_TEST_7.dir/Drivers/STM32F7xx_HAL_Driver/Src/stm32f7xx_hal_cortex.c.obj
 .debug_str     0x000f1dd4    0xe78dc CMakeFiles/BLE_TEST_7.dir/Drivers/STM32F7xx_HAL_Driver/Src/stm32f7xx_hal_rcc.c.obj
 .debug_str     0x000f1dd4    0xe7814 CMakeFiles/BLE_TEST_7.dir/Drivers/STM32F7xx_HAL_Driver/Src/stm32f7xx_hal_rcc_ex.c.obj
 .debug_str     0x000f1dd4    0xe7638 CMakeFiles/BLE_TEST_7.dir/Drivers/STM32F7xx_HAL_Driver/Src/stm32f7xx_hal_gpio.c.obj
 .debug_str     0x000f1dd4    0xe78b9 CMakeFiles/BLE_TEST_7.dir/Drivers/STM32F7xx_HAL_Driver/Src/stm32f7xx_hal_dma.c.obj
 .debug_str     0x000f1dd4    0xe781b CMakeFiles/BLE_TEST_7.dir/Drivers/STM32F7xx_HAL_Driver/Src/stm32f7xx_hal_pwr.c.obj
 .debug_str     0x000f1dd4    0xe7ee3 CMakeFiles/BLE_TEST_7.dir/Drivers/STM32F7xx_HAL_Driver/Src/stm32f7xx_hal.c.obj
 .debug_str     0x000f1dd4    0xe878d CMakeFiles/BLE_TEST_7.dir/Drivers/STM32F7xx_HAL_Driver/Src/stm32f7xx_hal_i2c.c.obj
 .debug_str     0x000f1dd4    0xe7a0c CMakeFiles/BLE_TEST_7.dir/Drivers/STM32F7xx_HAL_Driver/Src/stm32f7xx_hal_i2c_ex.c.obj
 .debug_str     0x000f1dd4    0xe8d9b CMakeFiles/BLE_TEST_7.dir/Drivers/STM32F7xx_HAL_Driver/Src/stm32f7xx_hal_eth.c.obj
 .debug_str     0x000f1dd4    0xe7dba CMakeFiles/BLE_TEST_7.dir/Drivers/STM32F7xx_HAL_Driver/Src/stm32f7xx_hal_spi.c.obj
 .debug_str     0x000f1dd4    0xe8229 CMakeFiles/BLE_TEST_7.dir/Drivers/STM32F7xx_HAL_Driver/Src/stm32f7xx_hal_uart.c.obj
 .debug_str     0x000f1dd4    0xe7fb3 CMakeFiles/BLE_TEST_7.dir/Drivers/STM32F7xx_HAL_Driver/Src/stm32f7xx_hal_pcd.c.obj
 .debug_str     0x000f1dd4    0xe78b5 CMakeFiles/BLE_TEST_7.dir/Drivers/STM32F7xx_HAL_Driver/Src/stm32f7xx_hal_pcd_ex.c.obj
 .debug_str     0x000f1dd4    0xe7e90 CMakeFiles/BLE_TEST_7.dir/Drivers/STM32F7xx_HAL_Driver/Src/stm32f7xx_ll_usb.c.obj
 .debug_str     0x000f1dd4    0xe757a CMakeFiles/BLE_TEST_7.dir/Core/Src/system_stm32f7xx.c.obj
 .debug_str     0x000f1dd4     0x7159 CMakeFiles/BLE_TEST_7.dir/Core/Src/sysmem.c.obj
 .debug_str     0x000f1dd4       0x98 CMakeFiles/BLE_TEST_7.dir/startup_stm32f746xx.s.obj

.debug_line_str
                0x00000000      0x257
 .debug_line_str
                0x00000000      0x257 CMakeFiles/BLE_TEST_7.dir/startup_stm32f746xx.s.obj
                                 0x7c (size before relaxing)
 .debug_line_str
                0x00000257       0xd2 /Applications/ArmGNUToolchain/14.2.rel1/arm-none-eabi/bin/../lib/gcc/arm-none-eabi/14.2.1/thumb/v7e-m+fp/hard/libgcc.a(_aeabi_uldivmod.o)
 .debug_line_str